  entry 100:100  ax=0000 bx=0000 cx=0000 dx=0000 ds=0100 es=0100 ss:sp=2ba6:01fe d=0
  entry 100:10f  ax=4ed1 bx=0000 cx=0000 dx=2a90 ds=0100 es=0100 ss:sp=2ba6:01fe d=5
  entry 4e8c:0  ax=4e8c bx=0000 cx=0000 dx=2a90 ds=0100 es=4e8c ss:sp=4eb1:01fe d=313
  entry 4e8c:22  ax=1000 bx=1139 cx=8000 dx=01a9 ds=1139 es=33fc ss:sp=4eb1:01fc d=54749
  entry 4e8c:35  ax=1000 bx=0139 cx=8000 dx=00a9 ds=0139 es=23fc ss:sp=4eb1:01fc d=87526
  entry 4e8c:80  ax=23ba bx=0139 cx=8000 dx=000f ds=23fc es=0100 ss:sp=4eb1:01fc d=87543
  entry 4e8c:85  ax=0014 bx=00a3 cx=0000 dx=0003 ds=23fc es=0100 ss:sp=4eb1:01fc d=100002
  entry 4e8c:cf  ax=0004 bx=0000 cx=0005 dx=0005 ds=23fc es=0100 ss:sp=4eb1:01fc d=125003
  entry 4e8c:7c  ax=0000 bx=0213 cx=0000 dx=0010 ds=23fc es=0100 ss:sp=4eb1:01fc d=143055
  entry 4e8c:cf  ax=0065 bx=0000 cx=0003 dx=0005 ds=23fc es=0100 ss:sp=4eb1:01fc d=150002
  entry 4e8c:80  ax=0005 bx=0305 cx=0000 dx=0007 ds=23fc es=0100 ss:sp=4eb1:01fc d=175007
  entry 4e8c:85  ax=0015 bx=0015 cx=0000 dx=000c ds=23fc es=0100 ss:sp=4eb1:01fc d=200001
  entry 4e8c:80  ax=000b bx=000b cx=0000 dx=0001 ds=23fc es=0100 ss:sp=4eb1:01fc d=225004
  entry 4e8c:80  ax=00ef bx=12ef cx=0000 dx=0007 ds=23fc es=0100 ss:sp=4eb1:01fc d=250011
  entry 4e8c:90  ax=0075 bx=0000 cx=0000 dx=0003 ds=23fc es=0100 ss:sp=4eb1:01fc d=275005
  entry 4e8c:85  ax=0075 bx=0bef cx=0000 dx=0006 ds=23fc es=0100 ss:sp=4eb1:01fc d=286104
  entry 4e8c:85  ax=00ff bx=000d cx=0000 dx=000d ds=23fc es=0100 ss:sp=4eb1:01fc d=300005
  entry 4e8c:90  ax=000f bx=0000 cx=0000 dx=000b ds=23fc es=0100 ss:sp=4eb1:01fc d=325004
  entry 4e8c:85  ax=0042 bx=0208 cx=0000 dx=0003 ds=23fc es=0100 ss:sp=4eb1:01fc d=350002
  entry 4e8c:85  ax=001e bx=000f cx=0000 dx=0004 ds=23fc es=0100 ss:sp=4eb1:01fc d=375005

ACD.EXE  variant=tailcall  0.04s (uop engine init 0ms, build 0ms)
  170 handbacks, 23 interrupts, 37 traces (11KB of arena, 0 recycles, 57 flagless ops of 2698, 51 traced edges)
  3 self-modify breaks
  rep widened: 37325 runs, 217911 bytes; declined: df=3 overlap=108 (177577 bytes)
  video mode 3h 320x200 linear, 0 non-black pixels of 64000, frame=38c165c5
  console 28 chars written, 25 of 2000 cells non-blank
  exited=true code=6  cs:ip=110:21b
  2.9M dispatches, 104.5M/s in wasm (64% of wall), 16786 per handback
  0.28 guest seconds, video modes 3h
  stop: exited(6)
  slice entries: 4e8c:80 x34 jt=hit, 4e8c:85 x27 jt=hit, 4e8c:90 x12 jt=hit, 4e8c:d4 x6 jt=hit, 4e8c:76 x5 jt=hit, 4e8c:cf x4 jt=hit, 4e8c:7c x4 jt=hit, 4e8c:db x4 jt=hit
  interrupts: 21h x20, 1ah x1, 10h x1, 2fh x1
  unhandled calls: int 2fh AH=15 x1
