  entry 110:0  ax=0000 bx=0000 cx=0000 dx=0000 ds=0100 es=0100 ss:sp=0119:03ee d=0
  entry 110:39  ax=0b1b bx=9ec0 cx=0000 dx=0c74 ds=0119 es=0100 ss:sp=9ec0:03ee d=40
  entry 110:57  ax=b1ae bx=93a5 cx=0000 dx=0159 ds=0159 es=93a5 ss:sp=9ec0:03ee d=22800
  entry 9ea3:0  ax=93a5 bx=93a5 cx=0000 dx=0159 ds=93a5 es=0110 ss:sp=9ec0:03ee d=22809
  entry 9ea3:9e  ax=01ff bx=93a5 cx=0009 dx=0159 ds=93a5 es=0110 ss:sp=9ec0:03e8 d=22820
  entry 9ea3:a6  ax=01ff bx=93a5 cx=0001 dx=0159 ds=93a5 es=0110 ss:sp=9ec0:03e8 d=22823
  entry 9ea3:b2  ax=ffff bx=93a5 cx=0000 dx=100d ds=93a5 es=0110 ss:sp=9ec0:03e8 d=22948
  entry 9ea3:100  ax=00a5 bx=93a5 cx=0002 dx=1010 ds=93a5 es=0110 ss:sp=9ec0:03e8 d=25009
  entry 9ea3:b2  ax=0067 bx=93a5 cx=0000 dx=100e ds=93a5 es=0110 ss:sp=9ec0:03e8 d=50004
  entry 9ea3:d5  ax=000c bx=93a5 cx=0000 dx=1003 ds=93a5 es=0110 ss:sp=9ec0:03e8 d=75001
  entry 9ea3:100  ax=0005 bx=93a5 cx=0002 dx=1010 ds=93a5 es=0110 ss:sp=9ec0:03e8 d=100005
  entry 9ea3:be  ax=073e bx=93a5 cx=0000 dx=100d ds=93a5 es=0110 ss:sp=9ec0:03e8 d=125001
  entry 9ea3:b2  ax=008a bx=93a5 cx=0000 dx=100a ds=93a5 es=0110 ss:sp=9ec0:03e8 d=143056
  entry 9ea3:be  ax=0008 bx=93a5 cx=0000 dx=100a ds=93a5 es=0110 ss:sp=9ec0:03e8 d=150003
  entry 9ea3:d5  ax=0083 bx=93a5 cx=0000 dx=100b ds=93a5 es=0110 ss:sp=9ec0:03e8 d=175002
  entry 9ea3:100  ax=00d2 bx=93a5 cx=0090 dx=100d ds=93a5 es=0110 ss:sp=9ec0:03e8 d=200004
  entry 9ea3:be  ax=0acd bx=93a5 cx=0000 dx=100c ds=93a5 es=0110 ss:sp=9ec0:03e8 d=225001
  entry 9ea3:100  ax=006a bx=93a5 cx=0002 dx=100e ds=93a5 es=0110 ss:sp=9ec0:03e8 d=250004
  entry 9ea3:b2  ax=0034 bx=93a5 cx=0000 dx=1001 ds=93a5 es=0110 ss:sp=9ec0:03e8 d=275002
  entry 9ea3:d5  ax=003c bx=93a5 cx=0000 dx=100d ds=93a5 es=0110 ss:sp=9ec0:03e8 d=286104
out of time after 30.0s -- 16.9M of 50M dispatches
  protected mode: cr0=-7fffffef gdt=18a70+ffff cs=4b base=28 16-bit code

FALL.EXE  variant=tailcall  30.00s (uop engine init 0ms, build 0ms)
  16162919 handbacks, 29 interrupts, 54 traces (34KB of arena, 0 recycles, 943 flagless ops of 8733, 109 traced edges)
  8 self-modify breaks
  rep widened: 11535 runs, 100818 bytes; declined: df=1 code=1 (45573 bytes)
  video mode 3h 320x200 linear, 0 non-black pixels of 64000, frame=38c165c5
  files: opened C:\FALL.EXE
  exited=false  cs:ip=4b:142a
  16.9M dispatches, 4.4M/s in wasm (13% of wall), 1 per handback
  1.68 guest seconds, video modes 3h
  stop: wall clock
  slice entries: 4b:142a x16162831 jt=hit, 9ea3:b2 x12 jt=hit, 9ea3:100 x7 jt=hit, 9ea3:be x6 jt=hit, c0:2 x4 jt=hit, 9ea3:d5 x3 jt=hit, 110:0 x1 jt=MISS, 110:39 x1 jt=MISS
  interrupts: 21h x21, 2dh x4, 2fh x3, 67h x1
  unhandled calls: int 2fh AH=16 x1, int 21h AH=5d x1
  decoder gave up at 6 site(s); top:
    4b:13ec  x1  bytes=63 6b 2e 0d 0a 24 24 24  (base 28)
    4b:14a8  x1  bytes=63 6f 72 72 75 70 74 20  (base 28)
    4b:1501  x1  bytes=63 74 75 72 65 73 20 64  (base 28)
    4b:1583  x1  bytes=63 74 69 6f 6e 20 63 61  (base 28)
    4b:1546  x1  bytes=63 63 65 73 73 69 6e 67  (base 28)
    4b:142a  x1  bytes=63 65 70 74 69 6f 6e 2e  (base 28)
