  entry 100:100  ax=0000 bx=0000 cx=0000 dx=0000 ds=0100 es=0100 ss:sp=2ba6:01fe esp=000001fe ebp=00000000 esi=00000000 edi=00000000 d=0
  entry 100:10f  ax=4ed1 bx=0000 cx=0000 dx=2a90 ds=0100 es=0100 ss:sp=2ba6:01fe esp=000001fe ebp=00000000 esi=00000000 edi=00000000 d=5
  entry 4e8c:0  ax=4e8c bx=0000 cx=0000 dx=2a90 ds=0100 es=4e8c ss:sp=4eb1:01fe esp=000001fe ebp=00000000 esi=00000390 edi=0000024c d=313
  entry 4e8c:22  ax=1000 bx=1139 cx=8000 dx=01a9 ds=1139 es=33fc ss:sp=4eb1:01fc esp=000001fc ebp=000033fc esi=0000fffe edi=0000fffe d=54749
  entry 4e8c:35  ax=1000 bx=0139 cx=8000 dx=00a9 ds=0139 es=23fc ss:sp=4eb1:01fc esp=000001fc ebp=000023fc esi=0000fffe edi=0000fffe d=87526
  entry 4e8c:80  ax=23ba bx=0139 cx=8000 dx=000f ds=23fc es=0100 ss:sp=4eb1:01fc esp=000001fc ebp=00000000 esi=00000003 edi=00000101 d=87543
  entry 4e8c:85  ax=0014 bx=00a3 cx=0000 dx=0003 ds=23fc es=0100 ss:sp=4eb1:01fc esp=000001fc ebp=00000000 esi=0000044a edi=00000633 d=100002
  entry 4e8c:cf  ax=0004 bx=0000 cx=0005 dx=0005 ds=23fc es=0100 ss:sp=4eb1:01fc esp=000001fc ebp=0000001f esi=00000b90 edi=0000101e d=125003
  entry 4e8c:7c  ax=0000 bx=0213 cx=0000 dx=0010 ds=23fc es=0100 ss:sp=4eb1:01fc esp=000001fc ebp=0000c186 esi=000010c4 edi=00001703 d=143055
  entry 4e8c:cf  ax=0065 bx=0000 cx=0003 dx=0005 ds=23fc es=0100 ss:sp=4eb1:01fc esp=000001fc ebp=00000002 esi=000012c9 edi=0000196e d=150002
  entry 4e8c:80  ax=0005 bx=0305 cx=0000 dx=0007 ds=23fc es=0100 ss:sp=4eb1:01fc esp=000001fc ebp=00000047 esi=0000197e edi=000022ef d=175007
  entry 4e8c:85  ax=0015 bx=0015 cx=0000 dx=000c ds=23fc es=0100 ss:sp=4eb1:01fc esp=000001fc ebp=00000400 esi=00001ff1 edi=00002b9c d=200001
  entry 4e8c:80  ax=000b bx=000b cx=0000 dx=0001 ds=23fc es=0100 ss:sp=4eb1:01fc esp=000001fc ebp=00000000 esi=000026b8 edi=0000349d d=225004
  entry 4e8c:80  ax=00ef bx=12ef cx=0000 dx=0007 ds=23fc es=0100 ss:sp=4eb1:01fc esp=000001fc ebp=0000003c esi=00002d07 edi=00003d13 d=250011
  entry 4e8c:90  ax=0075 bx=0000 cx=0000 dx=0003 ds=23fc es=0100 ss:sp=4eb1:01fc esp=000001fc ebp=00000006 esi=00003345 edi=000045e2 d=275005
  entry 4e8c:85  ax=0075 bx=0bef cx=0000 dx=0006 ds=23fc es=0100 ss:sp=4eb1:01fc esp=000001fc ebp=00000021 esi=00003608 edi=0000499c d=286104
  entry 4e8c:85  ax=00ff bx=000d cx=0000 dx=000d ds=23fc es=0100 ss:sp=4eb1:01fc esp=000001fc ebp=00000570 esi=0000397f edi=00004e2a d=300005
  entry 4e8c:90  ax=000f bx=0000 cx=0000 dx=000b ds=23fc es=0100 ss:sp=4eb1:01fc esp=000001fc ebp=0000008e esi=00004074 edi=000056ac d=325004
  entry 4e8c:85  ax=0042 bx=0208 cx=0000 dx=0003 ds=23fc es=0100 ss:sp=4eb1:01fc esp=000001fc ebp=00000000 esi=000046c7 edi=00005fcd d=350002
  entry 4e8c:85  ax=001e bx=000f cx=0000 dx=0004 ds=23fc es=0100 ss:sp=4eb1:01fc esp=000001fc ebp=0000000c esi=00004d5f edi=000068f9 d=375005
  entry 4e8c:80  ax=000f bx=000f cx=0000 dx=0005 ds=23fc es=0100 ss:sp=4eb1:01fc esp=000001fc ebp=00000014 esi=00005364 edi=000071a5 d=400003
  entry 4e8c:7c  ax=0012 bx=0081 cx=0000 dx=000e ds=23fc es=0100 ss:sp=4eb1:01fc esp=000001fc ebp=00000b98 esi=00005a10 edi=00007aed d=425001
  entry 4e8c:80  ax=0008 bx=0108 cx=0000 dx=0006 ds=23fc es=0100 ss:sp=4eb1:01fc esp=000001fc ebp=0000003a esi=00005b5f edi=00007c6a d=429159
  entry 4e8c:f4  ax=0027 bx=0010 cx=0005 dx=0002 ds=29cd es=06fe ss:sp=4eb1:01fc esp=000001fc ebp=00000001 esi=000001cb edi=00002644 d=450003
  entry 4e8c:123  ax=0000 bx=000e cx=0008 dx=0009 ds=29cd es=06fe ss:sp=4eb1:01fc esp=000001fc ebp=00000171 esi=00000849 edi=0000309a d=475003
  entry 4e8c:85  ax=0036 bx=0d59 cx=0000 dx=000c ds=29cd es=06fe ss:sp=4eb1:01fc esp=000001fc ebp=00000ff7 esi=00000e7f edi=000039c3 d=500002
  entry 4e8c:85  ax=008e bx=0007 cx=0000 dx=0008 ds=29cd es=06fe ss:sp=4eb1:01fc esp=000001fc ebp=000000d8 esi=0000154f edi=000042d3 d=525003
  entry 4e8c:db  ax=00e2 bx=0000 cx=0004 dx=0007 ds=29cd es=06fe ss:sp=4eb1:01fc esp=000001fc ebp=00000015 esi=00001c76 edi=00004be3 d=550003
  entry 4e8c:d4  ax=0087 bx=0000 cx=0003 dx=000c ds=29cd es=06fe ss:sp=4eb1:01fc esp=000001fc ebp=000007ee esi=00002294 edi=000053fa d=572205
  entry 4e8c:80  ax=002e bx=012e cx=0000 dx=0001 ds=29cd es=06fe ss:sp=4eb1:01fc esp=000001fc ebp=00000000 esi=00002352 edi=000054ff d=575006
  entry 4e8c:80  ax=00b8 bx=00b8 cx=0000 dx=0007 ds=29cd es=06fe ss:sp=4eb1:01fc esp=000001fc ebp=00000008 esi=0000294f edi=00005e70 d=600013
  entry 4e8c:85  ax=00fe bx=10fe cx=0000 dx=000f ds=29cd es=06fe ss:sp=4eb1:01fc esp=000001fc ebp=0000061b esi=00002f7f edi=0000675a d=625001
  entry 4e8c:a3  ax=0007 bx=0000 cx=0000 dx=000c ds=29cd es=06fe ss:sp=4eb1:01fc esp=000001fc ebp=000003bc esi=000035b9 edi=000070f2 d=650002
  entry 4e8c:85  ax=0010 bx=0004 cx=0000 dx=0003 ds=29cd es=06fe ss:sp=4eb1:01fc esp=000001fc ebp=00000000 esi=00003c74 edi=000079fd d=675004
  entry 4e8c:10a  ax=0014 bx=0005 cx=0003 dx=0004 ds=29cd es=06fe ss:sp=4eb1:01fc esp=000001fc ebp=0000000c esi=000042c8 edi=00008366 d=700001
  entry 4e8c:c1  ax=0000 bx=0003 cx=0000 dx=0006 ds=29cd es=06fe ss:sp=4eb1:01fc esp=000001fc ebp=00000031 esi=000046dd edi=000088b6 d=715257
  entry 4e8c:123  ax=00ff bx=000b cx=0003 dx=0001 ds=29cd es=06fe ss:sp=4eb1:01fc esp=000001fc ebp=00000001 esi=000049be edi=00008c5b d=725002
  entry 4e8c:87  ax=0074 bx=005f cx=0000 dx=000c ds=29cd es=06fe ss:sp=4eb1:01fc esp=000001fc ebp=00000801 esi=000050c0 edi=00009582 d=750001
  entry 4e8c:a9  ax=0000 bx=0002 cx=0000 dx=000d ds=29cd es=06fe ss:sp=4eb1:01fc esp=000001fc ebp=000003d0 esi=00005707 edi=00009deb d=775001
  entry 4e8c:85  ax=00f5 bx=04e3 cx=0000 dx=0001 ds=29cd es=06fe ss:sp=4eb1:01fc esp=000001fc ebp=00000000 esi=00005d0d edi=0000aa6a d=800004
  entry 4e8c:149  ax=0000 bx=0001 cx=0000 dx=000a ds=29cd es=06fe ss:sp=4eb1:01fc esp=000001fc ebp=00000083 esi=000062bb edi=0000b4f5 d=825004
  entry 4e8c:80  ax=00fd bx=00fd cx=0000 dx=0010 ds=29cd es=06fe ss:sp=4eb1:01fc esp=000001fc ebp=00008000 esi=00006906 edi=0000bf2b d=850012
  entry 4e8c:85  ax=00c0 bx=053e cx=0000 dx=0003 ds=3067 es=10fe ss:sp=4eb1:01fc esp=000001fc ebp=00000001 esi=0000021f edi=0000227a d=858307
  entry 4e8c:7c  ax=0000 bx=000d cx=0000 dx=0010 ds=3067 es=10fe ss:sp=4eb1:01fc esp=000001fc ebp=000000aa esi=000006c4 edi=00002880 d=875003
  entry 4e8c:76  ax=000e bx=000e cx=0000 dx=0000 ds=3067 es=10fe ss:sp=4eb1:01fc esp=000001fc ebp=00000000 esi=00000ce6 edi=0000317a d=900001
  entry 4e8c:85  ax=008b bx=08a6 cx=0000 dx=0005 ds=3067 es=10fe ss:sp=4eb1:01fc esp=000001fc ebp=00000001 esi=000012be edi=00003a6b d=925006
  entry 4e8c:cf  ax=005c bx=0000 cx=0003 dx=0004 ds=3067 es=10fe ss:sp=4eb1:01fc esp=000001fc ebp=00000009 esi=00001830 edi=000042d4 d=950004
  entry 4e8c:80  ax=0036 bx=0336 cx=0000 dx=000e ds=3067 es=10fe ss:sp=4eb1:01fc esp=000001fc ebp=00003017 esi=00001e2c edi=00004baa d=975002
  entry 4e8c:85  ax=00b0 bx=0254 cx=0000 dx=0003 ds=3067 es=10fe ss:sp=4eb1:01fc esp=000001fc ebp=00000000 esi=0000249a edi=000053eb d=1000001
  entry 4e8c:85  ax=00f5 bx=03f5 cx=0000 dx=0002 ds=3067 es=10fe ss:sp=4eb1:01fc esp=000001fc ebp=00000000 esi=000024f2 edi=0000545a d=1001358
  entry 4e8c:9e  ax=0013 bx=0000 cx=0000 dx=000c ds=3067 es=10fe ss:sp=4eb1:01fc esp=000001fc ebp=00000251 esi=00002b59 edi=00005c76 d=1025003
  entry 4e8c:9e  ax=007e bx=0000 cx=0000 dx=000a ds=3067 es=10fe ss:sp=4eb1:01fc esp=000001fc ebp=00000292 esi=00003133 edi=00006549 d=1050003
  entry 4e8c:85  ax=004a bx=18d7 cx=0000 dx=000c ds=3067 es=10fe ss:sp=4eb1:01fc esp=000001fc ebp=00000e00 esi=0000379d edi=00006e2d d=1075006
  entry 4e8c:80  ax=004e bx=014e cx=0000 dx=0002 ds=3067 es=10fe ss:sp=4eb1:01fc esp=000001fc ebp=00000001 esi=00003d3d edi=000076ed d=1100003
  entry 4e8c:80  ax=0039 bx=0039 cx=0000 dx=0001 ds=3067 es=10fe ss:sp=4eb1:01fc esp=000001fc ebp=00000000 esi=00004375 edi=00008021 d=1125010
  entry 4e8c:a3  ax=00ed bx=0000 cx=0000 dx=000b ds=3067 es=10fe ss:sp=4eb1:01fc esp=000001fc ebp=0000009c esi=00004859 edi=000086df d=1144409
  entry 4e8c:85  ax=0025 bx=0057 cx=0000 dx=000b ds=3067 es=10fe ss:sp=4eb1:01fc esp=000001fc ebp=000004d0 esi=00004998 edi=000088b0 d=1150002
  entry 4e8c:c6  ax=0025 bx=0003 cx=0000 dx=0001 ds=3067 es=10fe ss:sp=4eb1:01fc esp=000001fc ebp=00000000 esi=0000503f edi=000091b8 d=1175002
  entry 4e8c:85  ax=000e bx=015a cx=0000 dx=0001 ds=3067 es=10fe ss:sp=4eb1:01fc esp=000001fc ebp=00000000 esi=00005660 edi=000099ee d=1200002
  entry 4e8c:85  ax=00e8 bx=0044 cx=0000 dx=0001 ds=3067 es=10fe ss:sp=4eb1:01fc esp=000001fc ebp=00000000 esi=00005c9e edi=0000a298 d=1225003
  entry 4e8c:76  ax=0050 bx=092d cx=0000 dx=0000 ds=3067 es=10fe ss:sp=4eb1:01fc esp=000001fc ebp=00000000 esi=00006357 edi=0000ab35 d=1250004
  entry 4e8c:db  ax=0000 bx=0000 cx=0005 dx=000b ds=3067 es=10fe ss:sp=4eb1:01fc esp=000001fc ebp=00000707 esi=000069ba edi=0000b3a0 d=1275003
  entry 4e8c:90  ax=00fe bx=0000 cx=0000 dx=0003 ds=3067 es=10fe ss:sp=4eb1:01fc esp=000001fc ebp=00000005 esi=00006cb0 edi=0000b7ca d=1287461
  entry 4e8c:80  ax=00c7 bx=00c7 cx=0000 dx=0001 ds=3067 es=10fe ss:sp=4eb1:01fc esp=000001fc ebp=00000000 esi=00006f68 edi=0000bbd7 d=1300006
  entry 4e8c:f9  ax=00ca bx=0000 cx=0002 dx=0002 ds=378b es=1afe ss:sp=4eb1:01fc esp=000001fc ebp=00000002 esi=00000384 edi=0000247e d=1325001
  entry 4e8c:80  ax=00ef bx=0aef cx=0000 dx=0005 ds=378b es=1afe ss:sp=4eb1:01fc esp=000001fc ebp=00000003 esi=00000967 edi=00002cd8 d=1350001
  entry 4e8c:85  ax=0000 bx=0053 cx=0000 dx=0008 ds=378b es=1afe ss:sp=4eb1:01fc esp=000001fc ebp=00000084 esi=00000ece edi=000035aa d=1375002
  entry 4e8c:90  ax=0000 bx=0000 cx=0000 dx=000f ds=378b es=1afe ss:sp=4eb1:01fc esp=000001fc ebp=00001e58 esi=0000146d edi=00003e3f d=1400005
  entry 4e8c:85  ax=002f bx=1e2f cx=0000 dx=000a ds=378b es=1afe ss:sp=4eb1:01fc esp=000001fc ebp=00000266 esi=00001a1b edi=0000469f d=1425003
  entry 4e8c:80  ax=00cb bx=00cb cx=0000 dx=000e ds=378b es=1afe ss:sp=4eb1:01fc esp=000001fc ebp=0000010c esi=00001b62 edi=00004870 d=1430516
  entry 4e8c:80  ax=0014 bx=0514 cx=0000 dx=0003 ds=378b es=1afe ss:sp=4eb1:01fc esp=000001fc ebp=00000000 esi=00001fce edi=00004f0f d=1450010
  entry 4e8c:d4  ax=0000 bx=0000 cx=0009 dx=000d ds=378b es=1afe ss:sp=4eb1:01fc esp=000001fc ebp=00000015 esi=0000257f edi=00005843 d=1475003
  entry 4e8c:c6  ax=000e bx=0003 cx=0000 dx=0002 ds=378b es=1afe ss:sp=4eb1:01fc esp=000001fc ebp=00000000 esi=00002c1f edi=00006165 d=1500001
  entry 4e8c:90  ax=0059 bx=0000 cx=0000 dx=0009 ds=378b es=1afe ss:sp=4eb1:01fc esp=000001fc ebp=0000001a esi=000031f9 edi=00006aa2 d=1525005
  entry 4e8c:133  ax=0016 bx=0017 cx=0004 dx=0005 ds=378b es=1afe ss:sp=4eb1:01fc esp=000001fc ebp=00000009 esi=000037f2 edi=0000738c d=1550003
  entry 4e8c:a3  ax=0000 bx=0000 cx=0000 dx=000f ds=378b es=1afe ss:sp=4eb1:01fc esp=000001fc ebp=000029c1 esi=00003d82 edi=00007bd8 d=1573563
  entry 4e8c:80  ax=00cf bx=01cf cx=0000 dx=0006 ds=378b es=1afe ss:sp=4eb1:01fc esp=000001fc ebp=00000019 esi=00003e13 edi=00007c6e d=1575013
  entry 4e8c:90  ax=0000 bx=0000 cx=0000 dx=000f ds=378b es=1afe ss:sp=4eb1:01fc esp=000001fc ebp=0000005d esi=000044f3 edi=00008535 d=1600005
  entry 4e8c:11a  ax=0006 bx=0009 cx=0003 dx=0002 ds=378b es=1afe ss:sp=4eb1:01fc esp=000001fc ebp=00000000 esi=00004b23 edi=00008df3 d=1625002
  entry 4e8c:d4  ax=0025 bx=0000 cx=0004 dx=0005 ds=378b es=1afe ss:sp=4eb1:01fc esp=000001fc ebp=00000002 esi=0000512e edi=00009667 d=1650003
  entry 4e8c:11a  ax=0000 bx=000f cx=0004 dx=0009 ds=378b es=1afe ss:sp=4eb1:01fc esp=000001fc ebp=00000187 esi=0000578c edi=00009f7d d=1675002
  entry 4e8c:80  ax=008c bx=008c cx=0000 dx=0005 ds=378b es=1afe ss:sp=4eb1:01fc esp=000001fc ebp=00000003 esi=00005de6 edi=0000a898 d=1700008
  entry 4e8c:87  ax=0000 bx=09bd cx=0000 dx=0010 ds=378b es=1afe ss:sp=4eb1:01fc esp=000001fc ebp=00009c13 esi=000061ae edi=0000ae76 d=1716616
  entry 4e8c:133  ax=0000 bx=0018 cx=0003 dx=000c ds=378b es=1afe ss:sp=4eb1:01fc esp=000001fc ebp=00000088 esi=00006379 edi=0000b119 d=1725001
  entry 4e8c:87  ax=00cb bx=013d cx=0000 dx=0003 ds=378b es=1afe ss:sp=4eb1:01fc esp=000001fc ebp=00000004 esi=00006921 edi=0000b99a d=1750001
  entry 4e8c:d4  ax=00a9 bx=0000 cx=0007 dx=0004 ds=3e66 es=24fe ss:sp=4eb1:01fc esp=000001fc ebp=00000006 esi=000001b7 edi=0000224d d=1775003
  entry 4e8c:90  ax=001e bx=0000 cx=0000 dx=0004 ds=3e66 es=24fe ss:sp=4eb1:01fc esp=000001fc ebp=00000002 esi=00000777 edi=00002b04 d=1800003
  entry 4e8c:d4  ax=006f bx=0000 cx=0003 dx=0006 ds=3e66 es=24fe ss:sp=4eb1:01fc esp=000001fc ebp=00000009 esi=00000d3f edi=000033b4 d=1825001
  entry 4e8c:ed  ax=0000 bx=0003 cx=0003 dx=000d ds=3e66 es=24fe ss:sp=4eb1:01fc esp=000001fc ebp=000018bf esi=000012ed edi=00003c2a d=1850003
  entry 4e8c:64  ax=00c0 bx=0000 cx=0005 dx=0000 ds=3e66 es=24fe ss:sp=4eb1:01fc esp=000001fc ebp=00000000 esi=00001527 edi=00003fc6 d=1859665
  entry 4e8c:80  ax=00be bx=00be cx=0000 dx=000f ds=3e66 es=24fe ss:sp=4eb1:01fc esp=000001fc ebp=000000f7 esi=000018c0 edi=000044fa d=1875006
  entry 4e8c:76  ax=000e bx=01a2 cx=0000 dx=0000 ds=3e66 es=24fe ss:sp=4eb1:01fc esp=000001fc ebp=00000000 esi=00001ee7 edi=00004e78 d=1900006
  entry 4e8c:85  ax=00ff bx=056d cx=0000 dx=0003 ds=3e66 es=24fe ss:sp=4eb1:01fc esp=000001fc ebp=00000005 esi=00002563 edi=00005737 d=1925001
  entry 4e8c:90  ax=001f bx=0000 cx=0000 dx=0003 ds=3e66 es=24fe ss:sp=4eb1:01fc esp=000001fc ebp=00000000 esi=00002b8e edi=00005fff d=1950002
  entry 4e8c:a9  ax=0000 bx=0003 cx=0000 dx=0005 ds=3e66 es=24fe ss:sp=4eb1:01fc esp=000001fc ebp=00000013 esi=000031b5 edi=0000692b d=1975003
  entry 4e8c:85  ax=0091 bx=014b cx=0000 dx=0004 ds=3e66 es=24fe ss:sp=4eb1:01fc esp=000001fc ebp=0000000c esi=000037f9 edi=000071c7 d=2000003
  entry 4e8c:a3  ax=0000 bx=0000 cx=0000 dx=000d ds=3e66 es=24fe ss:sp=4eb1:01fc esp=000001fc ebp=00001c7a esi=000038a4 edi=000072ac d=2002716
  entry 4e8c:97  ax=00bf bx=0001 cx=0000 dx=000c ds=3e66 es=24fe ss:sp=4eb1:01fc esp=000001fc ebp=00000e0c esi=00003cfe edi=00008e69 d=2025003
  entry 4e8c:c6  ax=00e0 bx=0002 cx=0000 dx=0006 ds=3e66 es=24fe ss:sp=4eb1:01fc esp=000001fc ebp=00000000 esi=0000436d edi=000097ea d=2050003
  entry 4e8c:80  ax=0079 bx=0179 cx=0000 dx=000d ds=3e66 es=24fe ss:sp=4eb1:01fc esp=000001fc ebp=00001800 esi=00004a75 edi=0000a1b6 d=2075006
  entry 4e8c:db  ax=0010 bx=0000 cx=0004 dx=0002 ds=3e66 es=24fe ss:sp=4eb1:01fc esp=000001fc ebp=00000002 esi=0000502a edi=0000ab24 d=2100003
  entry 4e8c:90  ax=0088 bx=0000 cx=0000 dx=0005 ds=3e66 es=24fe ss:sp=4eb1:01fc esp=000001fc ebp=00000002 esi=00005688 edi=0000b33f d=2125005
  entry 4e8c:80  ax=0018 bx=0018 cx=0000 dx=0005 ds=3e66 es=24fe ss:sp=4eb1:01fc esp=000001fc ebp=00000000 esi=00005beb edi=0000bb9d d=2145769
  entry 4e8c:80  ax=0022 bx=0022 cx=0000 dx=000c ds=3e66 es=24fe ss:sp=4eb1:01fc esp=000001fc ebp=00000306 esi=00005cfd edi=0000bd5b d=2150001
  entry 4e8c:80  ax=004c bx=044c cx=0000 dx=0006 ds=4447 es=2efe ss:sp=4eb1:01fc esp=000001fc ebp=0000001d esi=0000042d edi=00002a3a d=2175066
  entry 4e8c:80  ax=00cf bx=04cf cx=0000 dx=000b ds=4447 es=2efe ss:sp=4eb1:01fc esp=000001fc ebp=00000747 esi=00000912 edi=0000355f d=2200009
  entry 4e8c:85  ax=0015 bx=0013 cx=0000 dx=0006 ds=4447 es=2efe ss:sp=4eb1:01fc esp=000001fc ebp=00000008 esi=00000f7d edi=00003f17 d=2225002
  entry 4e8c:7c  ax=0049 bx=0249 cx=0000 dx=000b ds=4447 es=2efe ss:sp=4eb1:01fc esp=000001fc ebp=00000600 esi=000015b3 edi=00004835 d=2250001
  entry 4e8c:80  ax=0057 bx=0057 cx=0000 dx=000c ds=4447 es=2efe ss:sp=4eb1:01fc esp=000001fc ebp=000000e2 esi=000017f9 edi=00007fbf d=2275008
  entry 4e8c:80  ax=0002 bx=0002 cx=0000 dx=000d ds=4447 es=2efe ss:sp=4eb1:01fc esp=000001fc ebp=000003db esi=00001abb edi=0000852e d=2288824
  entry 4e8c:d4  ax=0023 bx=0000 cx=0003 dx=0004 ds=4447 es=2efe ss:sp=4eb1:01fc esp=000001fc ebp=00000000 esi=00001d03 edi=000088a3 d=2300003
  entry 4e8c:80  ax=0015 bx=0015 cx=0000 dx=0004 ds=4447 es=2efe ss:sp=4eb1:01fc esp=000001fc ebp=00000007 esi=0000219a edi=0000920c d=2325006
  entry 4e8c:76  ax=00c7 bx=1bc7 cx=0000 dx=0000 ds=4447 es=2efe ss:sp=4eb1:01fc esp=000001fc ebp=00000000 esi=000025ff edi=00009986 d=2350003
  entry 4e8c:90  ax=0001 bx=0000 cx=0000 dx=0003 ds=4447 es=2efe ss:sp=4eb1:01fc esp=000001fc ebp=00000007 esi=00002a04 edi=0000adf9 d=2375004
  entry 4e8c:80  ax=00bb bx=00bb cx=0000 dx=0001 ds=4447 es=2efe ss:sp=4eb1:01fc esp=000001fc ebp=00000000 esi=00002e70 edi=0000bc36 d=2400004
  entry 4e8c:97  ax=0000 bx=0001 cx=0000 dx=0010 ds=4757 es=38ff ss:sp=4eb1:01fc esp=000001fc ebp=00001419 esi=000003af edi=00003064 d=2425004
  entry 4e8c:85  ax=006c bx=03fe cx=0000 dx=0004 ds=4757 es=38ff ss:sp=4eb1:01fc esp=000001fc ebp=0000000e esi=00000517 edi=000032ce d=2431869
  entry 4e8c:db  ax=0000 bx=0000 cx=0006 dx=0010 ds=4757 es=38ff ss:sp=4eb1:01fc esp=000001fc ebp=00008c99 esi=000008a3 edi=00003934 d=2450001
  entry 4e8c:90  ax=00d1 bx=0000 cx=0000 dx=0005 ds=4757 es=38ff ss:sp=4eb1:01fc esp=000001fc ebp=00000015 esi=00000cd5 edi=000058d1 d=2475004
  entry 4e8c:cf  ax=00a2 bx=0000 cx=0007 dx=0006 ds=4757 es=38ff ss:sp=4eb1:01fc esp=000001fc ebp=0000000b esi=00001249 edi=0000625e d=2500001
  entry 4e8c:76  ax=0061 bx=009e cx=0000 dx=0000 ds=4757 es=38ff ss:sp=4eb1:01fc esp=000001fc ebp=00000000 esi=000016d4 edi=00006b4d d=2525001
  entry 4e8c:80  ax=0021 bx=0021 cx=0000 dx=0004 ds=4757 es=38ff ss:sp=4eb1:01fc esp=000001fc ebp=0000000f esi=00001b5c edi=000073fb d=2550010
  entry 4e8c:80  ax=0078 bx=0278 cx=0000 dx=0004 ds=4757 es=38ff ss:sp=4eb1:01fc esp=000001fc ebp=00000007 esi=00002071 edi=00007cd2 d=2574920
  entry 4e8c:f9  ax=00da bx=0000 cx=0002 dx=0009 ds=4757 es=38ff ss:sp=4eb1:01fc esp=000001fc ebp=000000f0 esi=00002074 edi=00007cd5 d=2575002
  entry 4e8c:85  ax=000d bx=0087 cx=0000 dx=000d ds=4757 es=38ff ss:sp=4eb1:01fc esp=000001fc ebp=00000c64 esi=000024ae edi=000086ca d=2600005
  entry 4e8c:10a  ax=0000 bx=0007 cx=0005 dx=000f ds=4757 es=38ff ss:sp=4eb1:01fc esp=000001fc ebp=00006a0f esi=0000294b edi=0000905a d=2625001
  entry 4e8c:80  ax=0007 bx=0007 cx=0000 dx=0007 ds=4757 es=38ff ss:sp=4eb1:01fc esp=000001fc ebp=0000007e esi=00002e19 edi=000098f3 d=2650003
  entry 4e8c:80  ax=00ce bx=1bce cx=0000 dx=0006 ds=4757 es=38ff ss:sp=4eb1:01fc esp=000001fc ebp=00000007 esi=00003236 edi=0000a616 d=2675008
  entry 4e8c:133  ax=008d bx=001a cx=0004 dx=0004 ds=4757 es=38ff ss:sp=4eb1:01fc esp=000001fc ebp=0000000c esi=00003714 edi=0000af4b d=2700002
  entry 4e8c:80  ax=00cd bx=03cd cx=0000 dx=000f ds=4757 es=38ff ss:sp=4eb1:01fc esp=000001fc ebp=0000511c esi=00003a43 edi=0000b59f d=2717971
  entry 4e8c:d6  ax=0000 bx=0000 cx=0003 dx=0010 ds=4757 es=38ff ss:sp=4eb1:01fc esp=000001fc ebp=00004829 esi=00003b67 edi=0000b7c9 d=2725001
  entry 4e8c:90  ax=00c2 bx=0000 cx=0000 dx=0003 ds=4b4b es=42fe ss:sp=4eb1:01fc esp=000001fc ebp=00000000 esi=000000ee edi=000021c5 d=2750005
  entry 4e8c:87  ax=0000 bx=0494 cx=0000 dx=0010 ds=4b4b es=42fe ss:sp=4eb1:01fc esp=000001fc ebp=0000eb0e esi=00000563 edi=000030fd d=2775001
  entry 4e8c:85  ax=00f9 bx=00fc cx=0000 dx=000c ds=4b4b es=42fe ss:sp=4eb1:01fc esp=000001fc ebp=000002a0 esi=00000ce4 edi=00004f56 d=2800006
  entry 4e8c:80  ax=00ff bx=1fff cx=0000 dx=000a ds=4b4b es=42fe ss:sp=4eb1:01fc esp=000001fc ebp=0000017d esi=0000104c edi=00007b61 d=2825022
  entry 4e8c:1e5  ax=f8c1 bx=0110 cx=0000 dx=0110 ds=4c68 es=0110 ss:sp=4eb1:01fe esp=000001fe ebp=00000100 esi=00000387 edi=0000fc97 d=2837802
  entry 4e8c:1de  ax=e8d8 bx=0110 cx=0111 dx=210e ds=4c68 es=210e ss:sp=4eb1:01fe esp=000001fe ebp=00000100 esi=00001b55 edi=0000e91f d=2850002
  entry 110:0  ax=0000 bx=0000 cx=0000 dx=0000 ds=0100 es=0100 ss:sp=4b9f:0080 esp=00000080 ebp=00000000 esi=00000000 edi=00000000 d=2852246
int 21h ax=3000 bx=0 cx=0 dx=3cb0  from 110:7 -> ax=6
  entry 110:7  ax=0006 bx=0000 cx=0000 dx=3cb0 ds=0100 es=0100 ss:sp=4b9f:0080 esp=00000080 ebp=00000000 esi=00000000 edi=00000000 d=2852249
int 21h ax=3500 bx=60 cx=0 dx=3cb0  from 110:1c0
  entry 110:1c0  ax=3500 bx=0100 cx=0000 dx=3cb0 ds=3cb0 es=f000 ss:sp=4b9f:007c esp=0000007c ebp=00009f00 esi=00000000 edi=00000000 d=2852260
int 21h ax=3504 bx=100 cx=0 dx=3cb0  from 110:1cd
  entry 110:1cd  ax=3504 bx=0104 cx=0000 dx=3cb0 ds=3cb0 es=f000 ss:sp=4b9f:007c esp=0000007c ebp=00009f00 esi=00000000 edi=00000000 d=2852264
int 21h ax=3505 bx=104 cx=0 dx=3cb0  from 110:1da
  entry 110:1da  ax=3505 bx=0105 cx=0000 dx=3cb0 ds=3cb0 es=f000 ss:sp=4b9f:007c esp=0000007c ebp=00009f00 esi=00000000 edi=00000000 d=2852268
int 21h ax=3506 bx=105 cx=0 dx=3cb0  from 110:1e7
  entry 110:1e7  ax=3506 bx=0106 cx=0000 dx=3cb0 ds=3cb0 es=f000 ss:sp=4b9f:007c esp=0000007c ebp=00009f00 esi=00000000 edi=00000000 d=2852272
int 21h ax=2500 bx=106 cx=0 dx=151  from 110:1fb
  entry 110:1fb  ax=2500 bx=0106 cx=0000 dx=0151 ds=0110 es=f000 ss:sp=4b9f:007c esp=0000007c ebp=00009f00 esi=00000000 edi=00000000 d=2852279
int 1ah ax=0 bx=4c60 cx=0 dx=4b9f  from 110:75
  entry 110:75  ax=0000 bx=4c60 cx=0000 dx=0005 ds=3cb0 es=4b60 ss:sp=4b9f:0c10 esp=00000c10 ebp=00005361 esi=00000000 edi=000003e0 d=2853303
int 21h ax=1a20 bx=0 cx=0 dx=d1  from 110:9f
  entry 110:9f  ax=1a20 bx=0000 cx=0000 dx=00d1 ds=3cb0 es=0100 ss:sp=4b9f:0c10 esp=00000c10 ebp=00005361 esi=00000075 edi=000000c9 d=2853534
int 10h ax=820 bx=0 cx=0 dx=d1  from 110:a5 -> ax=720
  entry 110:a5  ax=0720 bx=0000 cx=0000 dx=00d1 ds=3cb0 es=0100 ss:sp=4b9f:0c10 esp=00000c10 ebp=00005361 esi=00000075 edi=000000c9 d=2853537
int 21h ax=3508 bx=0 cx=0 dx=d1  from 110:172
  entry 110:172  ax=3508 bx=0108 cx=0000 dx=00d1 ds=3cb0 es=f000 ss:sp=4b9f:0c0a esp=00000c0a ebp=00005361 esi=00000075 edi=000000c9 d=2853543
  entry 110:17c  ax=3508 bx=0108 cx=0000 dx=00d1 ds=3cb0 es=f000 ss:sp=4b9f:0c0a esp=00000c0a ebp=00005361 esi=00000075 edi=000000c9 d=2853546
int 21h ax=2508 bx=110 cx=0 dx=18b  from 110:188
  entry 110:188  ax=2508 bx=0110 cx=0000 dx=018b ds=0110 es=f000 ss:sp=4b9f:0c0a esp=00000c0a ebp=00005361 esi=00000075 edi=000000c9 d=2853551
  entry 22fe:3a3  ax=3cb0 bx=0110 cx=0000 dx=018b ds=3cb0 es=3cb0 ss:sp=4b9f:0bfe esp=00000bfe ebp=00000c04 esi=00000075 edi=000000c9 d=2853568
int 21h ax=3524 bx=110 cx=0 dx=18b  from 22fe:3ae
  entry 22fe:3ae  ax=3524 bx=0124 cx=0000 dx=018b ds=3cb0 es=f000 ss:sp=4b9f:0bfc esp=00000bfc ebp=00000c04 esi=00000075 edi=000000c9 d=2853574
  entry 22fe:3b3  ax=3524 bx=0124 cx=0000 dx=018b ds=3cb0 es=f000 ss:sp=4b9f:0bfc esp=00000bfc ebp=00000c04 esi=00000075 edi=000000c9 d=2853576
int 21h ax=2524 bx=124 cx=0 dx=3d9  from 22fe:3c6
  entry 22fe:3c6  ax=2524 bx=0124 cx=0000 dx=03d9 ds=22fe es=f000 ss:sp=4b9f:0bfa esp=00000bfa ebp=00000c04 esi=00000075 edi=000000c9 d=2853583
  entry 110:103b  ax=2524 bx=0124 cx=0000 dx=03d9 ds=3cb0 es=3cb0 ss:sp=4b9f:0c02 esp=00000c02 ebp=00000c04 esi=00000075 edi=000000c9 d=2853587
  entry 22fe:314  ax=2524 bx=0124 cx=0000 dx=03d9 ds=3cb0 es=3cb0 ss:sp=4b9f:0bfe esp=00000bfe ebp=00000c04 esi=00000075 edi=000000c9 d=2853588
  entry 110:6e02  ax=2524 bx=0124 cx=0000 dx=03d9 ds=3cb0 es=3cb0 ss:sp=4b9f:0bfa esp=00000bfa ebp=00000c04 esi=00000075 edi=000000c9 d=2853589
int 21h ax=1924 bx=124 cx=0 dx=3d9  from 110:6e0a -> ax=1902
  entry 110:6e0a  ax=1902 bx=0124 cx=0000 dx=03d9 ds=3cb0 es=3cb0 ss:sp=4b9f:0bf8 esp=00000bf8 ebp=00000c04 esi=00000075 edi=000000c9 d=2853592
  entry 22fe:319  ax=1902 bx=0124 cx=0000 dx=03d9 ds=3cb0 es=3cb0 ss:sp=4b9f:0bfe esp=00000bfe ebp=00000c04 esi=00000075 edi=000000c9 d=2853594
int 2fh ax=1500 bx=0 cx=0 dx=3d9  from 22fe:323   UNHANDLED
  entry 22fe:323  ax=1500 bx=0000 cx=0000 dx=03d9 ds=3cb0 es=3cb0 ss:sp=4b9f:0bfe esp=00000bfe ebp=00000c04 esi=00000075 edi=000000c9 d=2853598
  dos print: MSCDEX Driver not installed.
int 21h ax=900 bx=0 cx=0 dx=3a1a  from 22fe:353
  entry 22fe:353  ax=0900 bx=0000 cx=0000 dx=3a1a ds=3cb0 es=3cb0 ss:sp=4b9f:0bfe esp=00000bfe ebp=00000c04 esi=00000075 edi=000000c9 d=2853603
  entry 110:1040  ax=0900 bx=0000 cx=0000 dx=3a1a ds=3cb0 es=3cb0 ss:sp=4b9f:0c02 esp=00000c02 ebp=00000c04 esi=00000075 edi=000000c9 d=2853606
  entry 22fe:3ca  ax=0900 bx=0000 cx=0000 dx=3a1a ds=3cb0 es=3cb0 ss:sp=4b9f:0c00 esp=00000c00 ebp=00000c04 esi=00000075 edi=000000c9 d=2853610
int 21h ax=2524 bx=0 cx=0 dx=124  from 22fe:3d6
  entry 22fe:3d6  ax=2524 bx=0000 cx=0000 dx=0124 ds=f000 es=3cb0 ss:sp=4b9f:0bfe esp=00000bfe ebp=00000c04 esi=00000075 edi=000000c9 d=2853615
  entry 110:10c7  ax=2524 bx=0000 cx=0000 dx=0124 ds=3cb0 es=3cb0 ss:sp=4b9f:0c04 esp=00000c04 ebp=00000c04 esi=00000075 edi=000000c9 d=2853618
int 21h ax=2508 bx=0 cx=0 dx=108  from 110:1b8
  entry 110:1b8  ax=2508 bx=0000 cx=0000 dx=0108 ds=f000 es=3cb0 ss:sp=4b9f:0c06 esp=00000c06 ebp=00005361 esi=00000075 edi=000000c9 d=2853637
int 21h ax=2500 bx=c0a cx=0 dx=100  from 110:225
  entry 110:225  ax=2500 bx=0c0a cx=0000 dx=0100 ds=f000 es=3cb0 ss:sp=4b9f:0c06 esp=00000c06 ebp=00005361 esi=00000075 edi=000000c9 d=2853646
int 21h ax=2504 bx=c0a cx=0 dx=104  from 110:230
  entry 110:230  ax=2504 bx=0c0a cx=0000 dx=0104 ds=f000 es=3cb0 ss:sp=4b9f:0c06 esp=00000c06 ebp=00005361 esi=00000075 edi=000000c9 d=2853651
int 21h ax=2505 bx=c0a cx=0 dx=105  from 110:23b
  entry 110:23b  ax=2505 bx=0c0a cx=0000 dx=0105 ds=f000 es=3cb0 ss:sp=4b9f:0c06 esp=00000c06 ebp=00005361 esi=00000075 edi=000000c9 d=2853656
int 21h ax=2506 bx=c0a cx=0 dx=106  from 110:246
  entry 110:246  ax=2506 bx=0c0a cx=0000 dx=0106 ds=f000 es=3cb0 ss:sp=4b9f:0c06 esp=00000c06 ebp=00005361 esi=00000075 edi=000000c9 d=2853661
int 21h ax=4c06 bx=c0a cx=0 dx=106  from 110:21b
