  entry 110:0  ax=0000 bx=0000 cx=0000 dx=0000 ds=0100 es=0100 ss:sp=0119:03ee esp=000003ee ebp=00000000 esi=00000000 edi=00000000 d=0
  entry 110:39  ax=0b1b bx=9ec0 cx=0000 dx=0c74 ds=0119 es=0100 ss:sp=9ec0:03ee esp=000003ee ebp=00000b1b esi=00000400 edi=00000400 d=40
  entry 110:57  ax=b1ae bx=93a5 cx=0000 dx=0159 ds=0159 es=93a5 ss:sp=9ec0:03ee esp=000003ee ebp=00000000 esi=0000fffe edi=0000fffe d=22800
  entry 9ea3:0  ax=93a5 bx=93a5 cx=0000 dx=0159 ds=93a5 es=0110 ss:sp=9ec0:03ee esp=000003ee ebp=00000000 esi=00000000 edi=00000000 d=22809
  entry 9ea3:9e  ax=01ff bx=93a5 cx=0009 dx=0159 ds=93a5 es=0110 ss:sp=9ec0:03e8 esp=000003e8 ebp=00000000 esi=00000000 edi=00000000 d=22820
  entry 9ea3:a6  ax=01ff bx=93a5 cx=0001 dx=0159 ds=93a5 es=0110 ss:sp=9ec0:03e8 esp=000003e8 ebp=00000000 esi=00000000 edi=00000000 d=22823
  entry 9ea3:b2  ax=ffff bx=93a5 cx=0000 dx=100d ds=93a5 es=0110 ss:sp=9ec0:03e8 esp=000003e8 ebp=0000fff0 esi=00000067 edi=00000055 d=22948
  entry 9ea3:100  ax=00a5 bx=93a5 cx=0002 dx=1010 ds=93a5 es=0110 ss:sp=9ec0:03e8 esp=000003e8 ebp=00004e9f esi=00000114 edi=0000010d d=25009
  entry 9ea3:b2  ax=0067 bx=93a5 cx=0000 dx=100e ds=93a5 es=0110 ss:sp=9ec0:03e8 esp=000003e8 ebp=0000e9a3 esi=000006fa edi=00001cf3 d=50004
  entry 9ea3:d5  ax=000c bx=93a5 cx=0000 dx=1003 ds=93a5 es=0110 ss:sp=9ec0:03e8 esp=000003e8 ebp=00004000 esi=00000df3 edi=000027c8 d=75001
  entry 9ea3:100  ax=0005 bx=93a5 cx=0002 dx=1010 ds=93a5 es=0110 ss:sp=9ec0:03e8 esp=000003e8 ebp=00003fce esi=00001489 edi=00003213 d=100005
  entry 9ea3:be  ax=073e bx=93a5 cx=0000 dx=100d ds=93a5 es=0110 ss:sp=9ec0:03e8 esp=000003e8 ebp=00006498 esi=00001bb7 edi=00003e3f d=125001
  entry 9ea3:b2  ax=008a bx=93a5 cx=0000 dx=100a ds=93a5 es=0110 ss:sp=9ec0:03e8 esp=000003e8 ebp=0000ffdf esi=0000209c edi=0000488c d=143056
  entry 9ea3:be  ax=0008 bx=93a5 cx=0000 dx=100a ds=93a5 es=0110 ss:sp=9ec0:03e8 esp=000003e8 ebp=00003308 esi=00002285 edi=00004cd0 d=150003
  entry 9ea3:d5  ax=0083 bx=93a5 cx=0000 dx=100b ds=93a5 es=0110 ss:sp=9ec0:03e8 esp=000003e8 ebp=0000ccc2 esi=00002871 edi=00005a39 d=175002
  entry 9ea3:100  ax=00d2 bx=93a5 cx=0090 dx=100d ds=93a5 es=0110 ss:sp=9ec0:03e8 esp=000003e8 ebp=0000c71c esi=00002f64 edi=0000674d d=200004
  entry 9ea3:be  ax=0acd bx=93a5 cx=0000 dx=100c ds=93a5 es=0110 ss:sp=9ec0:03e8 esp=000003e8 ebp=00000270 esi=00003658 edi=00007677 d=225001
  entry 9ea3:100  ax=006a bx=93a5 cx=0002 dx=100e ds=93a5 es=0110 ss:sp=9ec0:03e8 esp=000003e8 ebp=0000e254 esi=00003d92 edi=000083a7 d=250004
  entry 9ea3:b2  ax=0034 bx=93a5 cx=0000 dx=1001 ds=93a5 es=0110 ss:sp=9ec0:03e8 esp=000003e8 ebp=0000b000 esi=00004492 edi=00009321 d=275002
  entry 9ea3:d5  ax=003c bx=93a5 cx=0000 dx=100d ds=93a5 es=0110 ss:sp=9ec0:03e8 esp=000003e8 ebp=0000fcfa esi=000047a0 edi=00009a3f d=286104
  entry 9ea3:b8  ax=0066 bx=93a5 cx=0000 dx=1000 ds=93a5 es=0110 ss:sp=9ec0:03e8 esp=000003e8 ebp=0000fc21 esi=00004b15 edi=0000a62d d=300003
  entry 9ea3:100  ax=16db bx=93a5 cx=0004 dx=1003 ds=93a5 es=0110 ss:sp=9ec0:03e8 esp=000003e8 ebp=0000a3c4 esi=000051e5 edi=0000b497 d=325003
  entry 9ea3:124  ax=0c8d bx=93a5 cx=0000 dx=1008 ds=93a5 es=0110 ss:sp=9ec0:03e8 esp=000003e8 ebp=00009820 esi=00005902 edi=0000c15d d=350002
  entry 9ea3:b2  ax=2676 bx=93a5 cx=0000 dx=1005 ds=93a5 es=0110 ss:sp=9ec0:03e8 esp=000003e8 ebp=0000c7c0 esi=00005fe1 edi=0000d06d d=375018
  entry 9ea3:b2  ax=0826 bx=93a5 cx=0000 dx=100b ds=93a5 es=0110 ss:sp=9ec0:03e8 esp=000003e8 ebp=0000ce80 esi=00006682 edi=0000dce7 d=400003
  entry 9ea3:b2  ax=0050 bx=93a5 cx=0000 dx=100c ds=93a5 es=0309 ss:sp=9ec0:03e8 esp=000003e8 ebp=00007bd8 esi=00006d44 edi=0000ca43 d=425004
  entry 9ea3:b2  ax=13e6 bx=93a5 cx=0000 dx=100a ds=93a5 es=0309 ss:sp=9ec0:03e8 esp=000003e8 ebp=00006c84 esi=00006e43 edi=0000cc56 d=429180
  entry 9ea3:b2  ax=0560 bx=93a5 cx=0000 dx=1009 ds=93a5 es=0309 ss:sp=9ec0:03e8 esp=000003e8 ebp=000045c0 esi=0000743e edi=0000d5e0 d=450009
  entry 9ea3:100  ax=003d bx=93a5 cx=0002 dx=1001 ds=93a5 es=0508 ss:sp=9ec0:03e8 esp=000003e8 ebp=00000078 esi=00007b07 edi=0000c4a3 d=475001
  entry 9ea3:b2  ax=0109 bx=93a5 cx=0000 dx=1005 ds=93a5 es=0508 ss:sp=9ec0:03e8 esp=000003e8 ebp=0000f9c4 esi=000081d4 edi=0000d1ae d=500021
  entry 9ea3:b2  ax=0013 bx=93a5 cx=0000 dx=100f ds=93a5 es=0708 ss:sp=9ec0:03e8 esp=000003e8 ebp=0000985c esi=0000886b edi=0000c311 d=525020
  entry 9ea3:b2  ax=00c0 bx=93a5 cx=0000 dx=1007 ds=93a5 es=0708 ss:sp=9ec0:03e8 esp=000003e8 ebp=00001e21 esi=00008f31 edi=0000d5e5 d=550004
  entry 9ea3:be  ax=61f2 bx=93a5 cx=0000 dx=1003 ds=93a5 es=0907 ss:sp=9ec0:03e8 esp=000003e8 ebp=0000e018 esi=000094fd edi=0000c5eb d=572207
  entry 9ea3:be  ax=00a7 bx=93a5 cx=0000 dx=1006 ds=93a5 es=0907 ss:sp=9ec0:03e8 esp=000003e8 ebp=0000f800 esi=000095b8 edi=0000c748 d=575002
  entry 9ea3:be  ax=044a bx=93a5 cx=0000 dx=1001 ds=93a5 es=0907 ss:sp=9ec0:03e8 esp=000003e8 ebp=00008080 esi=00009c6e edi=0000d8c9 d=600003
  entry 9ea3:c9  ax=00a1 bx=93a5 cx=0000 dx=1007 ds=93a5 es=0b07 ss:sp=9ec0:03e8 esp=000003e8 ebp=00008807 esi=0000a397 edi=0000c585 d=625001
  entry 9ea3:100  ax=0034 bx=93a5 cx=0004 dx=100a ds=93a5 es=0b07 ss:sp=9ec0:03e8 esp=000003e8 ebp=0000f3f8 esi=0000aad4 edi=0000d078 d=650004
  entry 9ea3:75  ax=162d bx=0110 cx=0000 dx=0190 ds=188d es=0110 ss:sp=9ec0:03ee esp=000003ee ebp=00000800 esi=00000000 edi=00000000 d=669300
  entry 9ea3:7c  ax=0008 bx=0110 cx=0000 dx=0190 ds=188d es=0110 ss:sp=9ec0:03ee esp=000003ee ebp=00000800 esi=00000000 edi=00000000 d=669303
  entry 162d:8  ax=0008 bx=0110 cx=0000 dx=0190 ds=0100 es=0100 ss:sp=0190:0800 esp=00000800 ebp=00000800 esi=00000000 edi=00000000 d=669308
int 21h ax=4a00 bx=178e cx=0 dx=190  from 162d:2b
  entry 162d:2b  ax=4a00 bx=178e cx=0000 dx=0190 ds=0110 es=0100 ss:sp=0190:0800 esp=00000800 ebp=00000800 esi=00000000 edi=00000000 d=669320
int 21h ax=3000 bx=178e cx=0 dx=190  from 162d:1a49 -> ax=6
  entry 162d:1a49  ax=0006 bx=0000 cx=0000 dx=0190 ds=0110 es=0100 ss:sp=0190:07fe esp=000007fe ebp=00000800 esi=00000000 edi=00000000 d=669345
int 21h ax=3d00 bx=24cf cx=75 dx=4d0  from 162d:1e5a -> ax=5
  entry 162d:1e5a  ax=0005 bx=24cf cx=0075 dx=04d0 ds=0110 es=0110 ss:sp=0190:07fc esp=000007fc ebp=00000800 esi=00000038 edi=000004dc d=669673
int 21h ax=3f05 bx=5 cx=1b dx=21be  from 162d:1e6d -> ax=1b
  entry 162d:1e6d  ax=001b bx=0005 cx=001b dx=21be ds=162d es=0110 ss:sp=0190:07fc esp=000007fc ebp=00000800 esi=00000038 edi=000004dc d=669681
int 21h ax=4200 bx=5 cx=0 dx=b680  from 162d:1eaa -> ax=b680
  entry 162d:1eaa  ax=b680 bx=0005 cx=0000 dx=0000 ds=162d es=0110 ss:sp=0190:07fc esp=000007fc ebp=00000800 esi=00000038 edi=000004dc d=669701
int 21h ax=3f80 bx=5 cx=40 dx=217e  from 162d:1eb4 -> ax=40
  entry 162d:1eb4  ax=0040 bx=0005 cx=0040 dx=217e ds=162d es=0110 ss:sp=0190:07fc esp=000007fc ebp=00000800 esi=00000038 edi=000004dc d=669705
int 21h ax=3e00 bx=5 cx=40 dx=217e  from 162d:1f0e
  entry 162d:1f0e  ax=3e00 bx=0005 cx=0040 dx=217e ds=162d es=0110 ss:sp=0190:07fc esp=000007fc ebp=00000800 esi=00000038 edi=000004dc d=669714
int 2fh ax=1687 bx=5 cx=40 dx=217e  from 162d:1ff6   UNHANDLED
  entry 162d:1ff6  ax=1687 bx=0005 cx=0040 dx=217e ds=0110 es=0110 ss:sp=0190:07fc esp=000007fc ebp=00000800 esi=00000038 edi=000004dc d=669721
int 67h ax=de00 bx=5 cx=40 dx=217e  from 162d:2039 -> ax=8400
  entry 162d:2039  ax=8400 bx=0005 cx=0040 dx=217e ds=0110 es=0000 ss:sp=0190:07f2 esp=000007f2 ebp=00000800 esi=00000167 edi=0000f000 d=669741
  entry 162d:1a82  ax=4f43 bx=0005 cx=0040 dx=217e ds=0110 es=0060 ss:sp=0190:07fe esp=000007fe ebp=00000800 esi=00000017 edi=0000f000 d=669844
  entry 162d:1a88  ax=4554 bx=0005 cx=0040 dx=217e ds=0110 es=0060 ss:sp=0190:07fe esp=000007fe ebp=00000800 esi=00000029 edi=0000f000 d=669910
  entry 162d:1d8f  ax=4f43 bx=0005 cx=0040 dx=217e ds=0110 es=0060 ss:sp=0190:07fe esp=000007fe ebp=00000800 esi=00000017 edi=0000f000 d=669984
  entry 162d:1dd4  ax=4f43 bx=162d cx=0040 dx=217e ds=0110 es=0060 ss:sp=0190:07fe esp=000007fe ebp=00000800 esi=00000017 edi=000023d1 d=670136
int 21h ax=1a00 bx=162d cx=40 dx=550  from 162d:75
  entry 162d:75  ax=1a00 bx=162d cx=0040 dx=0550 ds=0110 es=0060 ss:sp=0190:0800 esp=00000800 ebp=00000800 esi=00000029 edi=000023d1 d=670222
int 21h ax=5d06 bx=162d cx=40 dx=550  from 162d:8a   UNHANDLED
  entry 162d:8a  ax=5d06 bx=162d cx=0040 dx=0550 ds=0210 es=0060 ss:sp=0190:07fe esp=000007fe ebp=00000800 esi=00000029 edi=000023d1 d=670229
int 2fh ax=4300 bx=162d cx=40 dx=550  from 162d:a8 -> ax=4380
  entry 162d:a8  ax=4380 bx=162d cx=0040 dx=0550 ds=0210 es=0060 ss:sp=0190:0800 esp=00000800 ebp=00000800 esi=00000040 edi=000023d1 d=670239
int 2fh ax=4310 bx=162d cx=40 dx=550  from 162d:b1
  entry 162d:b1  ax=4310 bx=0000 cx=0040 dx=0550 ds=0210 es=00c0 ss:sp=0190:0800 esp=00000800 ebp=00000800 esi=00000040 edi=000023d1 d=670243
  entry c0:0  ax=0810 bx=0000 cx=0040 dx=0550 ds=0210 es=00c0 ss:sp=0190:07fc esp=000007fc ebp=00000800 esi=00000040 edi=000023d1 d=670248
int 2dh ax=810 bx=0 cx=40 dx=550  from c0:2 -> ax=2000
  entry c0:2  ax=2000 bx=0000 cx=0040 dx=2000 ds=0210 es=00c0 ss:sp=0190:07fc esp=000007fc ebp=00000800 esi=00000040 edi=000023d1 d=670249
  entry 162d:c4  ax=2000 bx=0000 cx=0040 dx=2000 ds=0210 es=00c0 ss:sp=0190:0800 esp=00000800 ebp=00000800 esi=00000040 edi=000023d1 d=670250
  entry 162d:cf  ax=2000 bx=0000 cx=0040 dx=2000 ds=0210 es=00c0 ss:sp=0190:0800 esp=00000800 ebp=00000800 esi=00000040 edi=000023d1 d=670255
int 2dh ax=900 bx=0 cx=40 dx=2000  from c0:2 -> ax=1
  entry c0:2  ax=0001 bx=0000 cx=0040 dx=0001 ds=0210 es=00c0 ss:sp=0190:07fc esp=000007fc ebp=00000800 esi=00000040 edi=000023d1 d=670258
  entry 162d:d5  ax=0001 bx=0000 cx=0040 dx=0001 ds=0210 es=00c0 ss:sp=0190:0800 esp=00000800 ebp=00000800 esi=00000040 edi=000023d1 d=670259
int 2dh ax=e01 bx=0 cx=40 dx=1  from c0:2 -> ax=1
  entry c0:2  ax=0001 bx=00fe cx=0040 dx=2000 ds=0210 es=00c0 ss:sp=0190:07fa esp=000007fa ebp=00000800 esi=00000040 edi=000023d1 d=670266
  entry 162d:e7  ax=0001 bx=00fe cx=0040 dx=2000 ds=0210 es=00c0 ss:sp=0190:07fe esp=000007fe ebp=00000800 esi=00000040 edi=000023d1 d=670267
int 2dh ax=a01 bx=fc cx=40 dx=1  from c0:2 -> ax=1
  entry c0:2  ax=0001 bx=00fc cx=0040 dx=0001 ds=0210 es=00c0 ss:sp=0190:07fc esp=000007fc ebp=00000800 esi=00000040 edi=000023d1 d=670279
  entry 162d:10b  ax=0001 bx=00fc cx=0040 dx=0001 ds=0210 es=00c0 ss:sp=0190:0800 esp=00000800 ebp=00000800 esi=00000040 edi=000023d1 d=670280
int 21h ax=5800 bx=2000 cx=3 dx=0  from 162d:14a -> ax=0
  entry 162d:14a  ax=0000 bx=2000 cx=0003 dx=0000 ds=0210 es=ffff ss:sp=0190:0800 esp=00000800 ebp=00000800 esi=00000082 edi=00000092 d=670305
  entry 162d:14e  ax=0000 bx=2000 cx=0003 dx=0000 ds=0210 es=ffff ss:sp=0190:0800 esp=00000800 ebp=00000800 esi=00000082 edi=00000092 d=670307
int 21h ax=5802 bx=2000 cx=3 dx=0  from 162d:153 -> ax=5800
  entry 162d:153  ax=5800 bx=2000 cx=0003 dx=0000 ds=0210 es=ffff ss:sp=0190:0800 esp=00000800 ebp=00000800 esi=00000082 edi=00000092 d=670309
  entry 162d:157  ax=5800 bx=2000 cx=0003 dx=0000 ds=0210 es=ffff ss:sp=0190:0800 esp=00000800 ebp=00000800 esi=00000082 edi=00000092 d=670311
int 21h ax=5803 bx=1 cx=3 dx=0  from 162d:15f -> ax=1
  entry 162d:15f  ax=0001 bx=0001 cx=0003 dx=0000 ds=0210 es=ffff ss:sp=0190:0800 esp=00000800 ebp=00000800 esi=00000082 edi=00000092 d=670314
int 21h ax=5801 bx=81 cx=3 dx=0  from 162d:167
  entry 162d:167  ax=5801 bx=0081 cx=0003 dx=0000 ds=0210 es=ffff ss:sp=0190:0800 esp=00000800 ebp=00000800 esi=00000082 edi=00000092 d=670317
int 21h ax=4801 bx=300 cx=3 dx=0  from 162d:16e -> ax=188f
  entry 162d:16e  ax=188f bx=0300 cx=0003 dx=0000 ds=0210 es=ffff ss:sp=0190:0800 esp=00000800 ebp=00000800 esi=00000082 edi=00000092 d=670320
int 21h ax=4a71 bx=371 cx=71 dx=0  from 162d:19f
  entry 162d:19f  ax=4a71 bx=0371 cx=0071 dx=0000 ds=0210 es=188f ss:sp=0190:07fa esp=000007fa ebp=00000800 esi=00000082 edi=00000092 d=670338
  entry 162d:23b  ax=9000 bx=0371 cx=0071 dx=188f ds=0210 es=1900 ss:sp=0190:0800 esp=00000800 ebp=00000800 esi=00000082 edi=00003000 d=682660
int 21h ax=4800 bx=240 cx=0 dx=18b7  from 162d:2aa -> ax=1c01
  entry 162d:2aa  ax=1c01 bx=0240 cx=0000 dx=18b7 ds=0210 es=18a7 ss:sp=0190:0800 esp=00000800 ebp=00000800 esi=00000082 edi=000000f0 d=682926
int 21h ax=4800 bx=100 cx=0 dx=18b7  from 162d:2cc -> ax=1e42
  entry 162d:2cc  ax=1e42 bx=0100 cx=0000 dx=18b7 ds=0210 es=1c01 ss:sp=0190:0800 esp=00000800 ebp=00000800 esi=00000082 edi=00002400 d=692154
int 21h ax=5803 bx=0 cx=0 dx=18b7  from 162d:2eb
  entry 162d:2eb  ax=5803 bx=0000 cx=0000 dx=18b7 ds=0210 es=1c01 ss:sp=0190:0800 esp=00000800 ebp=00000800 esi=00000082 edi=00002400 d=692163
int 21h ax=5801 bx=0 cx=0 dx=18b7  from 162d:2f7
  entry 162d:2f7  ax=5801 bx=0000 cx=0000 dx=18b7 ds=0210 es=1c01 ss:sp=0190:0800 esp=00000800 ebp=00000800 esi=00000082 edi=00002400 d=692167
  entry 162d:317  ax=5801 bx=0000 cx=0000 dx=18b7 ds=0210 es=1900 ss:sp=0190:0800 esp=00000800 ebp=00000800 esi=00110007 edi=00000440 d=693531
int 21h ax=352f bx=1a00 cx=0 dx=18b7  from 162d:62c
  entry 162d:62c  ax=352f bx=012f cx=0000 dx=18b7 ds=0210 es=f000 ss:sp=0190:0800 esp=00000800 ebp=00000800 esi=00018a70 edi=00000174 d=694608
int 21h ax=252f bx=12f cx=0 dx=13c0  from 162d:63c
  entry 162d:63c  ax=252f bx=012f cx=0000 dx=13c0 ds=0210 es=f000 ss:sp=0190:0800 esp=00000800 ebp=00000800 esi=00018a70 edi=00000174 d=694613
  entry a8:6d1 base=162d0 pm  ax=0011 bx=012f cx=0000 dx=13c0 ds=0210 es=1a00 ss:sp=0190:0802 esp=00000802 ebp=00000800 esi=00018a70 edi=00000ffc d=694652
  entry a3:87d base=162d0 pm  ax=087d bx=012f cx=008b dx=07fc ds=0063 es=0063 ss:sp=0030:00f4 esp=000000f4 ebp=00000800 esi=00018a70 edi=00000ffc d=694694
  entry 5b:1c35 base=2100 pm  ax=0001 bx=012f cx=008b dx=07fc ds=0063 es=0063 ss:sp=0030:00f0 esp=000000f0 ebp=00000800 esi=00018a90 edi=00000ffc d=694723
  entry 5b:1204 base=2100 pm  ax=c010 bx=012f cx=1c01 dx=23be ds=0063 es=0030 ss:sp=0030:0080 esp=00000080 ebp=00000082 esi=0001e3ce edi=000000be d=694854
  entry 4b:13ad base=28 pm  ax=0063 bx=012f cx=1c01 dx=23be ds=0063 es=0063 ss:sp=0030:007e esp=0000007e ebp=00000082 esi=0001e3ce edi=000000be d=694877
  entry 4b:142a base=28 pm  ax=0000 bx=0000 cx=0000 dx=0000 ds=0063 es=0063 ss:sp=0030:008c esp=0000008c ebp=0000005b esi=000113ad edi=00000063 d=694884
  entry 4b:142a base=28 pm  ax=0000 bx=0000 cx=0000 dx=0000 ds=0063 es=0063 ss:sp=0030:008c esp=0000008c ebp=0000005b esi=000113ad edi=00000063 d=694885
  entry 4b:142a base=28 pm  ax=0000 bx=0000 cx=0000 dx=0000 ds=0063 es=0063 ss:sp=0030:008c esp=0000008c ebp=0000005b esi=000113ad edi=00000063 d=694886
  entry 4b:142a base=28 pm  ax=0000 bx=0000 cx=0000 dx=0000 ds=0063 es=0063 ss:sp=0030:008c esp=0000008c ebp=0000005b esi=000113ad edi=00000063 d=694887
  entry 4b:142a base=28 pm  ax=0000 bx=0000 cx=0000 dx=0000 ds=0063 es=0063 ss:sp=0030:008c esp=0000008c ebp=0000005b esi=000113ad edi=00000063 d=694888
  entry 4b:142a base=28 pm  ax=0000 bx=0000 cx=0000 dx=0000 ds=0063 es=0063 ss:sp=0030:008c esp=0000008c ebp=0000005b esi=000113ad edi=00000063 d=694889
  entry 4b:142a base=28 pm  ax=0000 bx=0000 cx=0000 dx=0000 ds=0063 es=0063 ss:sp=0030:008c esp=0000008c ebp=0000005b esi=000113ad edi=00000063 d=694890
  entry 4b:142a base=28 pm  ax=0000 bx=0000 cx=0000 dx=0000 ds=0063 es=0063 ss:sp=0030:008c esp=0000008c ebp=0000005b esi=000113ad edi=00000063 d=694891
  entry 4b:142a base=28 pm  ax=0000 bx=0000 cx=0000 dx=0000 ds=0063 es=0063 ss:sp=0030:008c esp=0000008c ebp=0000005b esi=000113ad edi=00000063 d=694892
  entry 4b:142a base=28 pm  ax=0000 bx=0000 cx=0000 dx=0000 ds=0063 es=0063 ss:sp=0030:008c esp=0000008c ebp=0000005b esi=000113ad edi=00000063 d=694893
  entry 4b:142a base=28 pm  ax=0000 bx=0000 cx=0000 dx=0000 ds=0063 es=0063 ss:sp=0030:008c esp=0000008c ebp=0000005b esi=000113ad edi=00000063 d=694894
  entry 4b:142a base=28 pm  ax=0000 bx=0000 cx=0000 dx=0000 ds=0063 es=0063 ss:sp=0030:008c esp=0000008c ebp=0000005b esi=000113ad edi=00000063 d=694895
  entry 4b:142a base=28 pm  ax=0000 bx=0000 cx=0000 dx=0000 ds=0063 es=0063 ss:sp=0030:008c esp=0000008c ebp=0000005b esi=000113ad edi=00000063 d=694896
  entry 4b:142a base=28 pm  ax=0000 bx=0000 cx=0000 dx=0000 ds=0063 es=0063 ss:sp=0030:008c esp=0000008c ebp=0000005b esi=000113ad edi=00000063 d=694897
  entry 4b:142a base=28 pm  ax=0000 bx=0000 cx=0000 dx=0000 ds=0063 es=0063 ss:sp=0030:008c esp=0000008c ebp=0000005b esi=000113ad edi=00000063 d=694898
  entry 4b:142a base=28 pm  ax=0000 bx=0000 cx=0000 dx=0000 ds=0063 es=0063 ss:sp=0030:008c esp=0000008c ebp=0000005b esi=000113ad edi=00000063 d=694899
  entry 4b:142a base=28 pm  ax=0000 bx=0000 cx=0000 dx=0000 ds=0063 es=0063 ss:sp=0030:008c esp=0000008c ebp=0000005b esi=000113ad edi=00000063 d=694900
  entry 4b:142a base=28 pm  ax=0000 bx=0000 cx=0000 dx=0000 ds=0063 es=0063 ss:sp=0030:008c esp=0000008c ebp=0000005b esi=000113ad edi=00000063 d=694901
  entry 4b:142a base=28 pm  ax=0000 bx=0000 cx=0000 dx=0000 ds=0063 es=0063 ss:sp=0030:008c esp=0000008c ebp=0000005b esi=000113ad edi=00000063 d=694902
  entry 4b:142a base=28 pm  ax=0000 bx=0000 cx=0000 dx=0000 ds=0063 es=0063 ss:sp=0030:008c esp=0000008c ebp=0000005b esi=000113ad edi=00000063 d=694903
  entry 4b:142a base=28 pm  ax=0000 bx=0000 cx=0000 dx=0000 ds=0063 es=0063 ss:sp=0030:008c esp=0000008c ebp=0000005b esi=000113ad edi=00000063 d=694904
  entry 4b:142a base=28 pm  ax=0000 bx=0000 cx=0000 dx=0000 ds=0063 es=0063 ss:sp=0030:008c esp=0000008c ebp=0000005b esi=000113ad edi=00000063 d=694905
  entry 4b:142a base=28 pm  ax=0000 bx=0000 cx=0000 dx=0000 ds=0063 es=0063 ss:sp=0030:008c esp=0000008c ebp=0000005b esi=000113ad edi=00000063 d=694906
  entry 4b:142a base=28 pm  ax=0000 bx=0000 cx=0000 dx=0000 ds=0063 es=0063 ss:sp=0030:008c esp=0000008c ebp=0000005b esi=000113ad edi=00000063 d=694907
  entry 4b:142a base=28 pm  ax=0000 bx=0000 cx=0000 dx=0000 ds=0063 es=0063 ss:sp=0030:008c esp=0000008c ebp=0000005b esi=000113ad edi=00000063 d=694908
  entry 4b:142a base=28 pm  ax=0000 bx=0000 cx=0000 dx=0000 ds=0063 es=0063 ss:sp=0030:008c esp=0000008c ebp=0000005b esi=000113ad edi=00000063 d=694909
  entry 4b:142a base=28 pm  ax=0000 bx=0000 cx=0000 dx=0000 ds=0063 es=0063 ss:sp=0030:008c esp=0000008c ebp=0000005b esi=000113ad edi=00000063 d=694910
  entry 4b:142a base=28 pm  ax=0000 bx=0000 cx=0000 dx=0000 ds=0063 es=0063 ss:sp=0030:008c esp=0000008c ebp=0000005b esi=000113ad edi=00000063 d=694911
  entry 4b:142a base=28 pm  ax=0000 bx=0000 cx=0000 dx=0000 ds=0063 es=0063 ss:sp=0030:008c esp=0000008c ebp=0000005b esi=000113ad edi=00000063 d=694912
  entry 4b:142a base=28 pm  ax=0000 bx=0000 cx=0000 dx=0000 ds=0063 es=0063 ss:sp=0030:008c esp=0000008c ebp=0000005b esi=000113ad edi=00000063 d=694913
  entry 4b:142a base=28 pm  ax=0000 bx=0000 cx=0000 dx=0000 ds=0063 es=0063 ss:sp=0030:008c esp=0000008c ebp=0000005b esi=000113ad edi=00000063 d=694914
  entry 4b:142a base=28 pm  ax=0000 bx=0000 cx=0000 dx=0000 ds=0063 es=0063 ss:sp=0030:008c esp=0000008c ebp=0000005b esi=000113ad edi=00000063 d=694915
  entry 4b:142a base=28 pm  ax=0000 bx=0000 cx=0000 dx=0000 ds=0063 es=0063 ss:sp=0030:008c esp=0000008c ebp=0000005b esi=000113ad edi=00000063 d=694916
  entry 4b:142a base=28 pm  ax=0000 bx=0000 cx=0000 dx=0000 ds=0063 es=0063 ss:sp=0030:008c esp=0000008c ebp=0000005b esi=000113ad edi=00000063 d=694917
  entry 4b:142a base=28 pm  ax=0000 bx=0000 cx=0000 dx=0000 ds=0063 es=0063 ss:sp=0030:008c esp=0000008c ebp=0000005b esi=000113ad edi=00000063 d=694918
  entry 4b:142a base=28 pm  ax=0000 bx=0000 cx=0000 dx=0000 ds=0063 es=0063 ss:sp=0030:008c esp=0000008c ebp=0000005b esi=000113ad edi=00000063 d=694919
  entry 4b:142a base=28 pm  ax=0000 bx=0000 cx=0000 dx=0000 ds=0063 es=0063 ss:sp=0030:008c esp=0000008c ebp=0000005b esi=000113ad edi=00000063 d=694920
  entry 4b:142a base=28 pm  ax=0000 bx=0000 cx=0000 dx=0000 ds=0063 es=0063 ss:sp=0030:008c esp=0000008c ebp=0000005b esi=000113ad edi=00000063 d=694921
  entry 4b:142a base=28 pm  ax=0000 bx=0000 cx=0000 dx=0000 ds=0063 es=0063 ss:sp=0030:008c esp=0000008c ebp=0000005b esi=000113ad edi=00000063 d=694922
  entry 4b:142a base=28 pm  ax=0000 bx=0000 cx=0000 dx=0000 ds=0063 es=0063 ss:sp=0030:008c esp=0000008c ebp=0000005b esi=000113ad edi=00000063 d=694923
  entry 4b:142a base=28 pm  ax=0000 bx=0000 cx=0000 dx=0000 ds=0063 es=0063 ss:sp=0030:008c esp=0000008c ebp=0000005b esi=000113ad edi=00000063 d=694924
  entry 4b:142a base=28 pm  ax=0000 bx=0000 cx=0000 dx=0000 ds=0063 es=0063 ss:sp=0030:008c esp=0000008c ebp=0000005b esi=000113ad edi=00000063 d=694925
  entry 4b:142a base=28 pm  ax=0000 bx=0000 cx=0000 dx=0000 ds=0063 es=0063 ss:sp=0030:008c esp=0000008c ebp=0000005b esi=000113ad edi=00000063 d=694926
  entry 4b:142a base=28 pm  ax=0000 bx=0000 cx=0000 dx=0000 ds=0063 es=0063 ss:sp=0030:008c esp=0000008c ebp=0000005b esi=000113ad edi=00000063 d=694927
  entry 4b:142a base=28 pm  ax=0000 bx=0000 cx=0000 dx=0000 ds=0063 es=0063 ss:sp=0030:008c esp=0000008c ebp=0000005b esi=000113ad edi=00000063 d=694928
  entry 4b:142a base=28 pm  ax=0000 bx=0000 cx=0000 dx=0000 ds=0063 es=0063 ss:sp=0030:008c esp=0000008c ebp=0000005b esi=000113ad edi=00000063 d=694929
  entry 4b:142a base=28 pm  ax=0000 bx=0000 cx=0000 dx=0000 ds=0063 es=0063 ss:sp=0030:008c esp=0000008c ebp=0000005b esi=000113ad edi=00000063 d=694930
  entry 4b:142a base=28 pm  ax=0000 bx=0000 cx=0000 dx=0000 ds=0063 es=0063 ss:sp=0030:008c esp=0000008c ebp=0000005b esi=000113ad edi=00000063 d=694931
  entry 4b:142a base=28 pm  ax=0000 bx=0000 cx=0000 dx=0000 ds=0063 es=0063 ss:sp=0030:008c esp=0000008c ebp=0000005b esi=000113ad edi=00000063 d=694932
  entry 4b:142a base=28 pm  ax=0000 bx=0000 cx=0000 dx=0000 ds=0063 es=0063 ss:sp=0030:008c esp=0000008c ebp=0000005b esi=000113ad edi=00000063 d=694933
  entry 4b:142a base=28 pm  ax=0000 bx=0000 cx=0000 dx=0000 ds=0063 es=0063 ss:sp=0030:008c esp=0000008c ebp=0000005b esi=000113ad edi=00000063 d=694934
  entry 4b:142a base=28 pm  ax=0000 bx=0000 cx=0000 dx=0000 ds=0063 es=0063 ss:sp=0030:008c esp=0000008c ebp=0000005b esi=000113ad edi=00000063 d=694935
  entry 4b:142a base=28 pm  ax=0000 bx=0000 cx=0000 dx=0000 ds=0063 es=0063 ss:sp=0030:008c esp=0000008c ebp=0000005b esi=000113ad edi=00000063 d=694936
  entry 4b:142a base=28 pm  ax=0000 bx=0000 cx=0000 dx=0000 ds=0063 es=0063 ss:sp=0030:008c esp=0000008c ebp=0000005b esi=000113ad edi=00000063 d=694937
  entry 4b:142a base=28 pm  ax=0000 bx=0000 cx=0000 dx=0000 ds=0063 es=0063 ss:sp=0030:008c esp=0000008c ebp=0000005b esi=000113ad edi=00000063 d=694938
  entry 4b:142a base=28 pm  ax=0000 bx=0000 cx=0000 dx=0000 ds=0063 es=0063 ss:sp=0030:008c esp=0000008c ebp=0000005b esi=000113ad edi=00000063 d=694939
  entry 4b:142a base=28 pm  ax=0000 bx=0000 cx=0000 dx=0000 ds=0063 es=0063 ss:sp=0030:008c esp=0000008c ebp=0000005b esi=000113ad edi=00000063 d=694940
  entry 4b:142a base=28 pm  ax=0000 bx=0000 cx=0000 dx=0000 ds=0063 es=0063 ss:sp=0030:008c esp=0000008c ebp=0000005b esi=000113ad edi=00000063 d=694941
  entry 4b:142a base=28 pm  ax=0000 bx=0000 cx=0000 dx=0000 ds=0063 es=0063 ss:sp=0030:008c esp=0000008c ebp=0000005b esi=000113ad edi=00000063 d=694942
  entry 4b:142a base=28 pm  ax=0000 bx=0000 cx=0000 dx=0000 ds=0063 es=0063 ss:sp=0030:008c esp=0000008c ebp=0000005b esi=000113ad edi=00000063 d=694943
  entry 4b:142a base=28 pm  ax=0000 bx=0000 cx=0000 dx=0000 ds=0063 es=0063 ss:sp=0030:008c esp=0000008c ebp=0000005b esi=000113ad edi=00000063 d=694944
  entry 4b:142a base=28 pm  ax=0000 bx=0000 cx=0000 dx=0000 ds=0063 es=0063 ss:sp=0030:008c esp=0000008c ebp=0000005b esi=000113ad edi=00000063 d=694945
  entry 4b:142a base=28 pm  ax=0000 bx=0000 cx=0000 dx=0000 ds=0063 es=0063 ss:sp=0030:008c esp=0000008c ebp=0000005b esi=000113ad edi=00000063 d=694946
  entry 4b:142a base=28 pm  ax=0000 bx=0000 cx=0000 dx=0000 ds=0063 es=0063 ss:sp=0030:008c esp=0000008c ebp=0000005b esi=000113ad edi=00000063 d=694947
  entry 4b:142a base=28 pm  ax=0000 bx=0000 cx=0000 dx=0000 ds=0063 es=0063 ss:sp=0030:008c esp=0000008c ebp=0000005b esi=000113ad edi=00000063 d=694948
  entry 4b:142a base=28 pm  ax=0000 bx=0000 cx=0000 dx=0000 ds=0063 es=0063 ss:sp=0030:008c esp=0000008c ebp=0000005b esi=000113ad edi=00000063 d=694949
  entry 4b:142a base=28 pm  ax=0000 bx=0000 cx=0000 dx=0000 ds=0063 es=0063 ss:sp=0030:008c esp=0000008c ebp=0000005b esi=000113ad edi=00000063 d=694950
  entry 4b:142a base=28 pm  ax=0000 bx=0000 cx=0000 dx=0000 ds=0063 es=0063 ss:sp=0030:008c esp=0000008c ebp=0000005b esi=000113ad edi=00000063 d=694951
  entry 4b:142a base=28 pm  ax=0000 bx=0000 cx=0000 dx=0000 ds=0063 es=0063 ss:sp=0030:008c esp=0000008c ebp=0000005b esi=000113ad edi=00000063 d=694952
  entry 4b:142a base=28 pm  ax=0000 bx=0000 cx=0000 dx=0000 ds=0063 es=0063 ss:sp=0030:008c esp=0000008c ebp=0000005b esi=000113ad edi=00000063 d=694953
  entry 4b:142a base=28 pm  ax=0000 bx=0000 cx=0000 dx=0000 ds=0063 es=0063 ss:sp=0030:008c esp=0000008c ebp=0000005b esi=000113ad edi=00000063 d=694954
  entry 4b:142a base=28 pm  ax=0000 bx=0000 cx=0000 dx=0000 ds=0063 es=0063 ss:sp=0030:008c esp=0000008c ebp=0000005b esi=000113ad edi=00000063 d=694955
  entry 4b:142a base=28 pm  ax=0000 bx=0000 cx=0000 dx=0000 ds=0063 es=0063 ss:sp=0030:008c esp=0000008c ebp=0000005b esi=000113ad edi=00000063 d=694956
  entry 4b:142a base=28 pm  ax=0000 bx=0000 cx=0000 dx=0000 ds=0063 es=0063 ss:sp=0030:008c esp=0000008c ebp=0000005b esi=000113ad edi=00000063 d=694957
  entry 4b:142a base=28 pm  ax=0000 bx=0000 cx=0000 dx=0000 ds=0063 es=0063 ss:sp=0030:008c esp=0000008c ebp=0000005b esi=000113ad edi=00000063 d=694958
  entry 4b:142a base=28 pm  ax=0000 bx=0000 cx=0000 dx=0000 ds=0063 es=0063 ss:sp=0030:008c esp=0000008c ebp=0000005b esi=000113ad edi=00000063 d=694959
  entry 4b:142a base=28 pm  ax=0000 bx=0000 cx=0000 dx=0000 ds=0063 es=0063 ss:sp=0030:008c esp=0000008c ebp=0000005b esi=000113ad edi=00000063 d=694960
  entry 4b:142a base=28 pm  ax=0000 bx=0000 cx=0000 dx=0000 ds=0063 es=0063 ss:sp=0030:008c esp=0000008c ebp=0000005b esi=000113ad edi=00000063 d=694961
  entry 4b:142a base=28 pm  ax=0000 bx=0000 cx=0000 dx=0000 ds=0063 es=0063 ss:sp=0030:008c esp=0000008c ebp=0000005b esi=000113ad edi=00000063 d=694962
  entry 4b:142a base=28 pm  ax=0000 bx=0000 cx=0000 dx=0000 ds=0063 es=0063 ss:sp=0030:008c esp=0000008c ebp=0000005b esi=000113ad edi=00000063 d=694963
  entry 4b:142a base=28 pm  ax=0000 bx=0000 cx=0000 dx=0000 ds=0063 es=0063 ss:sp=0030:008c esp=0000008c ebp=0000005b esi=000113ad edi=00000063 d=694964
  entry 4b:142a base=28 pm  ax=0000 bx=0000 cx=0000 dx=0000 ds=0063 es=0063 ss:sp=0030:008c esp=0000008c ebp=0000005b esi=000113ad edi=00000063 d=694965
  entry 4b:142a base=28 pm  ax=0000 bx=0000 cx=0000 dx=0000 ds=0063 es=0063 ss:sp=0030:008c esp=0000008c ebp=0000005b esi=000113ad edi=00000063 d=694966
  entry 4b:142a base=28 pm  ax=0000 bx=0000 cx=0000 dx=0000 ds=0063 es=0063 ss:sp=0030:008c esp=0000008c ebp=0000005b esi=000113ad edi=00000063 d=694967
  entry 4b:142a base=28 pm  ax=0000 bx=0000 cx=0000 dx=0000 ds=0063 es=0063 ss:sp=0030:008c esp=0000008c ebp=0000005b esi=000113ad edi=00000063 d=694968
  entry 4b:142a base=28 pm  ax=0000 bx=0000 cx=0000 dx=0000 ds=0063 es=0063 ss:sp=0030:008c esp=0000008c ebp=0000005b esi=000113ad edi=00000063 d=694969
  entry 4b:142a base=28 pm  ax=0000 bx=0000 cx=0000 dx=0000 ds=0063 es=0063 ss:sp=0030:008c esp=0000008c ebp=0000005b esi=000113ad edi=00000063 d=694970
  entry 4b:142a base=28 pm  ax=0000 bx=0000 cx=0000 dx=0000 ds=0063 es=0063 ss:sp=0030:008c esp=0000008c ebp=0000005b esi=000113ad edi=00000063 d=694971
  entry 4b:142a base=28 pm  ax=0000 bx=0000 cx=0000 dx=0000 ds=0063 es=0063 ss:sp=0030:008c esp=0000008c ebp=0000005b esi=000113ad edi=00000063 d=694972
  entry 4b:142a base=28 pm  ax=0000 bx=0000 cx=0000 dx=0000 ds=0063 es=0063 ss:sp=0030:008c esp=0000008c ebp=0000005b esi=000113ad edi=00000063 d=694973
  entry 4b:142a base=28 pm  ax=0000 bx=0000 cx=0000 dx=0000 ds=0063 es=0063 ss:sp=0030:008c esp=0000008c ebp=0000005b esi=000113ad edi=00000063 d=694974
  entry 4b:142a base=28 pm  ax=0000 bx=0000 cx=0000 dx=0000 ds=0063 es=0063 ss:sp=0030:008c esp=0000008c ebp=0000005b esi=000113ad edi=00000063 d=694975
  entry 4b:142a base=28 pm  ax=0000 bx=0000 cx=0000 dx=0000 ds=0063 es=0063 ss:sp=0030:008c esp=0000008c ebp=0000005b esi=000113ad edi=00000063 d=694976
  entry 4b:142a base=28 pm  ax=0000 bx=0000 cx=0000 dx=0000 ds=0063 es=0063 ss:sp=0030:008c esp=0000008c ebp=0000005b esi=000113ad edi=00000063 d=694977
  entry 4b:142a base=28 pm  ax=0000 bx=0000 cx=0000 dx=0000 ds=0063 es=0063 ss:sp=0030:008c esp=0000008c ebp=0000005b esi=000113ad edi=00000063 d=694978
  entry 4b:142a base=28 pm  ax=0000 bx=0000 cx=0000 dx=0000 ds=0063 es=0063 ss:sp=0030:008c esp=0000008c ebp=0000005b esi=000113ad edi=00000063 d=694979
  entry 4b:142a base=28 pm  ax=0000 bx=0000 cx=0000 dx=0000 ds=0063 es=0063 ss:sp=0030:008c esp=0000008c ebp=0000005b esi=000113ad edi=00000063 d=694980
  entry 4b:142a base=28 pm  ax=0000 bx=0000 cx=0000 dx=0000 ds=0063 es=0063 ss:sp=0030:008c esp=0000008c ebp=0000005b esi=000113ad edi=00000063 d=694981
  entry 4b:142a base=28 pm  ax=0000 bx=0000 cx=0000 dx=0000 ds=0063 es=0063 ss:sp=0030:008c esp=0000008c ebp=0000005b esi=000113ad edi=00000063 d=694982
  entry 4b:142a base=28 pm  ax=0000 bx=0000 cx=0000 dx=0000 ds=0063 es=0063 ss:sp=0030:008c esp=0000008c ebp=0000005b esi=000113ad edi=00000063 d=694983
  entry 4b:142a base=28 pm  ax=0000 bx=0000 cx=0000 dx=0000 ds=0063 es=0063 ss:sp=0030:008c esp=0000008c ebp=0000005b esi=000113ad edi=00000063 d=694984
  entry 4b:142a base=28 pm  ax=0000 bx=0000 cx=0000 dx=0000 ds=0063 es=0063 ss:sp=0030:008c esp=0000008c ebp=0000005b esi=000113ad edi=00000063 d=694985
  entry 4b:142a base=28 pm  ax=0000 bx=0000 cx=0000 dx=0000 ds=0063 es=0063 ss:sp=0030:008c esp=0000008c ebp=0000005b esi=000113ad edi=00000063 d=694986
  entry 4b:142a base=28 pm  ax=0000 bx=0000 cx=0000 dx=0000 ds=0063 es=0063 ss:sp=0030:008c esp=0000008c ebp=0000005b esi=000113ad edi=00000063 d=694987
  entry 4b:142a base=28 pm  ax=0000 bx=0000 cx=0000 dx=0000 ds=0063 es=0063 ss:sp=0030:008c esp=0000008c ebp=0000005b esi=000113ad edi=00000063 d=694988
  entry 4b:142a base=28 pm  ax=0000 bx=0000 cx=0000 dx=0000 ds=0063 es=0063 ss:sp=0030:008c esp=0000008c ebp=0000005b esi=000113ad edi=00000063 d=694989
  entry 4b:142a base=28 pm  ax=0000 bx=0000 cx=0000 dx=0000 ds=0063 es=0063 ss:sp=0030:008c esp=0000008c ebp=0000005b esi=000113ad edi=00000063 d=694990
  entry 4b:142a base=28 pm  ax=0000 bx=0000 cx=0000 dx=0000 ds=0063 es=0063 ss:sp=0030:008c esp=0000008c ebp=0000005b esi=000113ad edi=00000063 d=694991
  entry 4b:142a base=28 pm  ax=0000 bx=0000 cx=0000 dx=0000 ds=0063 es=0063 ss:sp=0030:008c esp=0000008c ebp=0000005b esi=000113ad edi=00000063 d=694992
  entry 4b:142a base=28 pm  ax=0000 bx=0000 cx=0000 dx=0000 ds=0063 es=0063 ss:sp=0030:008c esp=0000008c ebp=0000005b esi=000113ad edi=00000063 d=694993
  entry 4b:142a base=28 pm  ax=0000 bx=0000 cx=0000 dx=0000 ds=0063 es=0063 ss:sp=0030:008c esp=0000008c ebp=0000005b esi=000113ad edi=00000063 d=694994
  entry 4b:142a base=28 pm  ax=0000 bx=0000 cx=0000 dx=0000 ds=0063 es=0063 ss:sp=0030:008c esp=0000008c ebp=0000005b esi=000113ad edi=00000063 d=694995
  entry 4b:142a base=28 pm  ax=0000 bx=0000 cx=0000 dx=0000 ds=0063 es=0063 ss:sp=0030:008c esp=0000008c ebp=0000005b esi=000113ad edi=00000063 d=694996
  entry 4b:142a base=28 pm  ax=0000 bx=0000 cx=0000 dx=0000 ds=0063 es=0063 ss:sp=0030:008c esp=0000008c ebp=0000005b esi=000113ad edi=00000063 d=694997
  entry 4b:142a base=28 pm  ax=0000 bx=0000 cx=0000 dx=0000 ds=0063 es=0063 ss:sp=0030:008c esp=0000008c ebp=0000005b esi=000113ad edi=00000063 d=694998
  entry 4b:142a base=28 pm  ax=0000 bx=0000 cx=0000 dx=0000 ds=0063 es=0063 ss:sp=0030:008c esp=0000008c ebp=0000005b esi=000113ad edi=00000063 d=694999
  entry 4b:142a base=28 pm  ax=0000 bx=0000 cx=0000 dx=0000 ds=0063 es=0063 ss:sp=0030:008c esp=0000008c ebp=0000005b esi=000113ad edi=00000063 d=695000
  entry 4b:142a base=28 pm  ax=0000 bx=0000 cx=0000 dx=0000 ds=0063 es=0063 ss:sp=0030:008c esp=0000008c ebp=0000005b esi=000113ad edi=00000063 d=695001
  entry 4b:142a base=28 pm  ax=0000 bx=0000 cx=0000 dx=0000 ds=0063 es=0063 ss:sp=0030:008c esp=0000008c ebp=0000005b esi=000113ad edi=00000063 d=695002
  entry 4b:142a base=28 pm  ax=0000 bx=0000 cx=0000 dx=0000 ds=0063 es=0063 ss:sp=0030:008c esp=0000008c ebp=0000005b esi=000113ad edi=00000063 d=695003
  entry 4b:142a base=28 pm  ax=0000 bx=0000 cx=0000 dx=0000 ds=0063 es=0063 ss:sp=0030:008c esp=0000008c ebp=0000005b esi=000113ad edi=00000063 d=695004
  entry 4b:142a base=28 pm  ax=0000 bx=0000 cx=0000 dx=0000 ds=0063 es=0063 ss:sp=0030:008c esp=0000008c ebp=0000005b esi=000113ad edi=00000063 d=695005
  entry 4b:142a base=28 pm  ax=0000 bx=0000 cx=0000 dx=0000 ds=0063 es=0063 ss:sp=0030:008c esp=0000008c ebp=0000005b esi=000113ad edi=00000063 d=695006
  entry 4b:142a base=28 pm  ax=0000 bx=0000 cx=0000 dx=0000 ds=0063 es=0063 ss:sp=0030:008c esp=0000008c ebp=0000005b esi=000113ad edi=00000063 d=695007
  entry 4b:142a base=28 pm  ax=0000 bx=0000 cx=0000 dx=0000 ds=0063 es=0063 ss:sp=0030:008c esp=0000008c ebp=0000005b esi=000113ad edi=00000063 d=695008
  entry 4b:142a base=28 pm  ax=0000 bx=0000 cx=0000 dx=0000 ds=0063 es=0063 ss:sp=0030:008c esp=0000008c ebp=0000005b esi=000113ad edi=00000063 d=695009
  entry 4b:142a base=28 pm  ax=0000 bx=0000 cx=0000 dx=0000 ds=0063 es=0063 ss:sp=0030:008c esp=0000008c ebp=0000005b esi=000113ad edi=00000063 d=695010
  entry 4b:142a base=28 pm  ax=0000 bx=0000 cx=0000 dx=0000 ds=0063 es=0063 ss:sp=0030:008c esp=0000008c ebp=0000005b esi=000113ad edi=00000063 d=695011
  entry 4b:142a base=28 pm  ax=0000 bx=0000 cx=0000 dx=0000 ds=0063 es=0063 ss:sp=0030:008c esp=0000008c ebp=0000005b esi=000113ad edi=00000063 d=695012
  entry 4b:142a base=28 pm  ax=0000 bx=0000 cx=0000 dx=0000 ds=0063 es=0063 ss:sp=0030:008c esp=0000008c ebp=0000005b esi=000113ad edi=00000063 d=695013
  entry 4b:142a base=28 pm  ax=0000 bx=0000 cx=0000 dx=0000 ds=0063 es=0063 ss:sp=0030:008c esp=0000008c ebp=0000005b esi=000113ad edi=00000063 d=695014
  entry 4b:142a base=28 pm  ax=0000 bx=0000 cx=0000 dx=0000 ds=0063 es=0063 ss:sp=0030:008c esp=0000008c ebp=0000005b esi=000113ad edi=00000063 d=695015
  entry 4b:142a base=28 pm  ax=0000 bx=0000 cx=0000 dx=0000 ds=0063 es=0063 ss:sp=0030:008c esp=0000008c ebp=0000005b esi=000113ad edi=00000063 d=695016
  entry 4b:142a base=28 pm  ax=0000 bx=0000 cx=0000 dx=0000 ds=0063 es=0063 ss:sp=0030:008c esp=0000008c ebp=0000005b esi=000113ad edi=00000063 d=695017
  entry 4b:142a base=28 pm  ax=0000 bx=0000 cx=0000 dx=0000 ds=0063 es=0063 ss:sp=0030:008c esp=0000008c ebp=0000005b esi=000113ad edi=00000063 d=695018
  entry 4b:142a base=28 pm  ax=0000 bx=0000 cx=0000 dx=0000 ds=0063 es=0063 ss:sp=0030:008c esp=0000008c ebp=0000005b esi=000113ad edi=00000063 d=695019
  entry 4b:142a base=28 pm  ax=0000 bx=0000 cx=0000 dx=0000 ds=0063 es=0063 ss:sp=0030:008c esp=0000008c ebp=0000005b esi=000113ad edi=00000063 d=695020
  entry 4b:142a base=28 pm  ax=0000 bx=0000 cx=0000 dx=0000 ds=0063 es=0063 ss:sp=0030:008c esp=0000008c ebp=0000005b esi=000113ad edi=00000063 d=695021
  entry 4b:142a base=28 pm  ax=0000 bx=0000 cx=0000 dx=0000 ds=0063 es=0063 ss:sp=0030:008c esp=0000008c ebp=0000005b esi=000113ad edi=00000063 d=695022
  entry 4b:142a base=28 pm  ax=0000 bx=0000 cx=0000 dx=0000 ds=0063 es=0063 ss:sp=0030:008c esp=0000008c ebp=0000005b esi=000113ad edi=00000063 d=695023
  entry 4b:142a base=28 pm  ax=0000 bx=0000 cx=0000 dx=0000 ds=0063 es=0063 ss:sp=0030:008c esp=0000008c ebp=0000005b esi=000113ad edi=00000063 d=695024
  entry 4b:142a base=28 pm  ax=0000 bx=0000 cx=0000 dx=0000 ds=0063 es=0063 ss:sp=0030:008c esp=0000008c ebp=0000005b esi=000113ad edi=00000063 d=695025
  entry 4b:142a base=28 pm  ax=0000 bx=0000 cx=0000 dx=0000 ds=0063 es=0063 ss:sp=0030:008c esp=0000008c ebp=0000005b esi=000113ad edi=00000063 d=695026
  entry 4b:142a base=28 pm  ax=0000 bx=0000 cx=0000 dx=0000 ds=0063 es=0063 ss:sp=0030:008c esp=0000008c ebp=0000005b esi=000113ad edi=00000063 d=695027
  entry 4b:142a base=28 pm  ax=0000 bx=0000 cx=0000 dx=0000 ds=0063 es=0063 ss:sp=0030:008c esp=0000008c ebp=0000005b esi=000113ad edi=00000063 d=695028
  entry 4b:142a base=28 pm  ax=0000 bx=0000 cx=0000 dx=0000 ds=0063 es=0063 ss:sp=0030:008c esp=0000008c ebp=0000005b esi=000113ad edi=00000063 d=695029
  entry 4b:142a base=28 pm  ax=0000 bx=0000 cx=0000 dx=0000 ds=0063 es=0063 ss:sp=0030:008c esp=0000008c ebp=0000005b esi=000113ad edi=00000063 d=695030
  entry 4b:142a base=28 pm  ax=0000 bx=0000 cx=0000 dx=0000 ds=0063 es=0063 ss:sp=0030:008c esp=0000008c ebp=0000005b esi=000113ad edi=00000063 d=695031
  entry 4b:142a base=28 pm  ax=0000 bx=0000 cx=0000 dx=0000 ds=0063 es=0063 ss:sp=0030:008c esp=0000008c ebp=0000005b esi=000113ad edi=00000063 d=695032
  entry 4b:142a base=28 pm  ax=0000 bx=0000 cx=0000 dx=0000 ds=0063 es=0063 ss:sp=0030:008c esp=0000008c ebp=0000005b esi=000113ad edi=00000063 d=695033
  entry 4b:142a base=28 pm  ax=0000 bx=0000 cx=0000 dx=0000 ds=0063 es=0063 ss:sp=0030:008c esp=0000008c ebp=0000005b esi=000113ad edi=00000063 d=695034
  entry 4b:142a base=28 pm  ax=0000 bx=0000 cx=0000 dx=0000 ds=0063 es=0063 ss:sp=0030:008c esp=0000008c ebp=0000005b esi=000113ad edi=00000063 d=695035
  entry 4b:142a base=28 pm  ax=0000 bx=0000 cx=0000 dx=0000 ds=0063 es=0063 ss:sp=0030:008c esp=0000008c ebp=0000005b esi=000113ad edi=00000063 d=695036
  entry 4b:142a base=28 pm  ax=0000 bx=0000 cx=0000 dx=0000 ds=0063 es=0063 ss:sp=0030:008c esp=0000008c ebp=0000005b esi=000113ad edi=00000063 d=695037
  entry 4b:142a base=28 pm  ax=0000 bx=0000 cx=0000 dx=0000 ds=0063 es=0063 ss:sp=0030:008c esp=0000008c ebp=0000005b esi=000113ad edi=00000063 d=695038
  entry 4b:142a base=28 pm  ax=0000 bx=0000 cx=0000 dx=0000 ds=0063 es=0063 ss:sp=0030:008c esp=0000008c ebp=0000005b esi=000113ad edi=00000063 d=695039
  entry 4b:142a base=28 pm  ax=0000 bx=0000 cx=0000 dx=0000 ds=0063 es=0063 ss:sp=0030:008c esp=0000008c ebp=0000005b esi=000113ad edi=00000063 d=695040
  entry 4b:142a base=28 pm  ax=0000 bx=0000 cx=0000 dx=0000 ds=0063 es=0063 ss:sp=0030:008c esp=0000008c ebp=0000005b esi=000113ad edi=00000063 d=695041
  entry 4b:142a base=28 pm  ax=0000 bx=0000 cx=0000 dx=0000 ds=0063 es=0063 ss:sp=0030:008c esp=0000008c ebp=0000005b esi=000113ad edi=00000063 d=695042
  entry 4b:142a base=28 pm  ax=0000 bx=0000 cx=0000 dx=0000 ds=0063 es=0063 ss:sp=0030:008c esp=0000008c ebp=0000005b esi=000113ad edi=00000063 d=695043
  entry 4b:142a base=28 pm  ax=0000 bx=0000 cx=0000 dx=0000 ds=0063 es=0063 ss:sp=0030:008c esp=0000008c ebp=0000005b esi=000113ad edi=00000063 d=695044
  entry 4b:142a base=28 pm  ax=0000 bx=0000 cx=0000 dx=0000 ds=0063 es=0063 ss:sp=0030:008c esp=0000008c ebp=0000005b esi=000113ad edi=00000063 d=695045
  entry 4b:142a base=28 pm  ax=0000 bx=0000 cx=0000 dx=0000 ds=0063 es=0063 ss:sp=0030:008c esp=0000008c ebp=0000005b esi=000113ad edi=00000063 d=695046
  entry 4b:142a base=28 pm  ax=0000 bx=0000 cx=0000 dx=0000 ds=0063 es=0063 ss:sp=0030:008c esp=0000008c ebp=0000005b esi=000113ad edi=00000063 d=695047
  entry 4b:142a base=28 pm  ax=0000 bx=0000 cx=0000 dx=0000 ds=0063 es=0063 ss:sp=0030:008c esp=0000008c ebp=0000005b esi=000113ad edi=00000063 d=695048
  entry 4b:142a base=28 pm  ax=0000 bx=0000 cx=0000 dx=0000 ds=0063 es=0063 ss:sp=0030:008c esp=0000008c ebp=0000005b esi=000113ad edi=00000063 d=695049
  entry 4b:142a base=28 pm  ax=0000 bx=0000 cx=0000 dx=0000 ds=0063 es=0063 ss:sp=0030:008c esp=0000008c ebp=0000005b esi=000113ad edi=00000063 d=695050
  entry 4b:142a base=28 pm  ax=0000 bx=0000 cx=0000 dx=0000 ds=0063 es=0063 ss:sp=0030:008c esp=0000008c ebp=0000005b esi=000113ad edi=00000063 d=695051
  entry 4b:142a base=28 pm  ax=0000 bx=0000 cx=0000 dx=0000 ds=0063 es=0063 ss:sp=0030:008c esp=0000008c ebp=0000005b esi=000113ad edi=00000063 d=695052
  entry 4b:142a base=28 pm  ax=0000 bx=0000 cx=0000 dx=0000 ds=0063 es=0063 ss:sp=0030:008c esp=0000008c ebp=0000005b esi=000113ad edi=00000063 d=695053
  entry 4b:142a base=28 pm  ax=0000 bx=0000 cx=0000 dx=0000 ds=0063 es=0063 ss:sp=0030:008c esp=0000008c ebp=0000005b esi=000113ad edi=00000063 d=695054
  entry 4b:142a base=28 pm  ax=0000 bx=0000 cx=0000 dx=0000 ds=0063 es=0063 ss:sp=0030:008c esp=0000008c ebp=0000005b esi=000113ad edi=00000063 d=695055
  entry 4b:142a base=28 pm  ax=0000 bx=0000 cx=0000 dx=0000 ds=0063 es=0063 ss:sp=0030:008c esp=0000008c ebp=0000005b esi=000113ad edi=00000063 d=695056
  entry 4b:142a base=28 pm  ax=0000 bx=0000 cx=0000 dx=0000 ds=0063 es=0063 ss:sp=0030:008c esp=0000008c ebp=0000005b esi=000113ad edi=00000063 d=695057
  entry 4b:142a base=28 pm  ax=0000 bx=0000 cx=0000 dx=0000 ds=0063 es=0063 ss:sp=0030:008c esp=0000008c ebp=0000005b esi=000113ad edi=00000063 d=695058
  entry 4b:142a base=28 pm  ax=0000 bx=0000 cx=0000 dx=0000 ds=0063 es=0063 ss:sp=0030:008c esp=0000008c ebp=0000005b esi=000113ad edi=00000063 d=695059
  entry 4b:142a base=28 pm  ax=0000 bx=0000 cx=0000 dx=0000 ds=0063 es=0063 ss:sp=0030:008c esp=0000008c ebp=0000005b esi=000113ad edi=00000063 d=695060
  entry 4b:142a base=28 pm  ax=0000 bx=0000 cx=0000 dx=0000 ds=0063 es=0063 ss:sp=0030:008c esp=0000008c ebp=0000005b esi=000113ad edi=00000063 d=695061
  entry 4b:142a base=28 pm  ax=0000 bx=0000 cx=0000 dx=0000 ds=0063 es=0063 ss:sp=0030:008c esp=0000008c ebp=0000005b esi=000113ad edi=00000063 d=695062
  entry 4b:142a base=28 pm  ax=0000 bx=0000 cx=0000 dx=0000 ds=0063 es=0063 ss:sp=0030:008c esp=0000008c ebp=0000005b esi=000113ad edi=00000063 d=695063
  entry 4b:142a base=28 pm  ax=0000 bx=0000 cx=0000 dx=0000 ds=0063 es=0063 ss:sp=0030:008c esp=0000008c ebp=0000005b esi=000113ad edi=00000063 d=695064
  entry 4b:142a base=28 pm  ax=0000 bx=0000 cx=0000 dx=0000 ds=0063 es=0063 ss:sp=0030:008c esp=0000008c ebp=0000005b esi=000113ad edi=00000063 d=695065
  entry 4b:142a base=28 pm  ax=0000 bx=0000 cx=0000 dx=0000 ds=0063 es=0063 ss:sp=0030:008c esp=0000008c ebp=0000005b esi=000113ad edi=00000063 d=695066
  entry 4b:142a base=28 pm  ax=0000 bx=0000 cx=0000 dx=0000 ds=0063 es=0063 ss:sp=0030:008c esp=0000008c ebp=0000005b esi=000113ad edi=00000063 d=695067
  entry 4b:142a base=28 pm  ax=0000 bx=0000 cx=0000 dx=0000 ds=0063 es=0063 ss:sp=0030:008c esp=0000008c ebp=0000005b esi=000113ad edi=00000063 d=695068
  entry 4b:142a base=28 pm  ax=0000 bx=0000 cx=0000 dx=0000 ds=0063 es=0063 ss:sp=0030:008c esp=0000008c ebp=0000005b esi=000113ad edi=00000063 d=695069
  entry 4b:142a base=28 pm  ax=0000 bx=0000 cx=0000 dx=0000 ds=0063 es=0063 ss:sp=0030:008c esp=0000008c ebp=0000005b esi=000113ad edi=00000063 d=695070
  entry 4b:142a base=28 pm  ax=0000 bx=0000 cx=0000 dx=0000 ds=0063 es=0063 ss:sp=0030:008c esp=0000008c ebp=0000005b esi=000113ad edi=00000063 d=695071
  entry 4b:142a base=28 pm  ax=0000 bx=0000 cx=0000 dx=0000 ds=0063 es=0063 ss:sp=0030:008c esp=0000008c ebp=0000005b esi=000113ad edi=00000063 d=695072
  entry 4b:142a base=28 pm  ax=0000 bx=0000 cx=0000 dx=0000 ds=0063 es=0063 ss:sp=0030:008c esp=0000008c ebp=0000005b esi=000113ad edi=00000063 d=695073
  entry 4b:142a base=28 pm  ax=0000 bx=0000 cx=0000 dx=0000 ds=0063 es=0063 ss:sp=0030:008c esp=0000008c ebp=0000005b esi=000113ad edi=00000063 d=695074
  entry 4b:142a base=28 pm  ax=0000 bx=0000 cx=0000 dx=0000 ds=0063 es=0063 ss:sp=0030:008c esp=0000008c ebp=0000005b esi=000113ad edi=00000063 d=695075
  entry 4b:142a base=28 pm  ax=0000 bx=0000 cx=0000 dx=0000 ds=0063 es=0063 ss:sp=0030:008c esp=0000008c ebp=0000005b esi=000113ad edi=00000063 d=695076
  entry 4b:142a base=28 pm  ax=0000 bx=0000 cx=0000 dx=0000 ds=0063 es=0063 ss:sp=0030:008c esp=0000008c ebp=0000005b esi=000113ad edi=00000063 d=695077
  entry 4b:142a base=28 pm  ax=0000 bx=0000 cx=0000 dx=0000 ds=0063 es=0063 ss:sp=0030:008c esp=0000008c ebp=0000005b esi=000113ad edi=00000063 d=695078
  entry 4b:142a base=28 pm  ax=0000 bx=0000 cx=0000 dx=0000 ds=0063 es=0063 ss:sp=0030:008c esp=0000008c ebp=0000005b esi=000113ad edi=00000063 d=695079
  entry 4b:142a base=28 pm  ax=0000 bx=0000 cx=0000 dx=0000 ds=0063 es=0063 ss:sp=0030:008c esp=0000008c ebp=0000005b esi=000113ad edi=00000063 d=695080
  entry 4b:142a base=28 pm  ax=0000 bx=0000 cx=0000 dx=0000 ds=0063 es=0063 ss:sp=0030:008c esp=0000008c ebp=0000005b esi=000113ad edi=00000063 d=695081
  entry 4b:142a base=28 pm  ax=0000 bx=0000 cx=0000 dx=0000 ds=0063 es=0063 ss:sp=0030:008c esp=0000008c ebp=0000005b esi=000113ad edi=00000063 d=695082
  entry 4b:142a base=28 pm  ax=0000 bx=0000 cx=0000 dx=0000 ds=0063 es=0063 ss:sp=0030:008c esp=0000008c ebp=0000005b esi=000113ad edi=00000063 d=695083
  entry 4b:142a base=28 pm  ax=0000 bx=0000 cx=0000 dx=0000 ds=0063 es=0063 ss:sp=0030:008c esp=0000008c ebp=0000005b esi=000113ad edi=00000063 d=695084
  entry 4b:142a base=28 pm  ax=0000 bx=0000 cx=0000 dx=0000 ds=0063 es=0063 ss:sp=0030:008c esp=0000008c ebp=0000005b esi=000113ad edi=00000063 d=695085
  entry 4b:142a base=28 pm  ax=0000 bx=0000 cx=0000 dx=0000 ds=0063 es=0063 ss:sp=0030:008c esp=0000008c ebp=0000005b esi=000113ad edi=00000063 d=695086
  entry 4b:142a base=28 pm  ax=0000 bx=0000 cx=0000 dx=0000 ds=0063 es=0063 ss:sp=0030:008c esp=0000008c ebp=0000005b esi=000113ad edi=00000063 d=695087
  entry 4b:142a base=28 pm  ax=0000 bx=0000 cx=0000 dx=0000 ds=0063 es=0063 ss:sp=0030:008c esp=0000008c ebp=0000005b esi=000113ad edi=00000063 d=695088
  entry 4b:142a base=28 pm  ax=0000 bx=0000 cx=0000 dx=0000 ds=0063 es=0063 ss:sp=0030:008c esp=0000008c ebp=0000005b esi=000113ad edi=00000063 d=695089
  entry 4b:142a base=28 pm  ax=0000 bx=0000 cx=0000 dx=0000 ds=0063 es=0063 ss:sp=0030:008c esp=0000008c ebp=0000005b esi=000113ad edi=00000063 d=695090
  entry 4b:142a base=28 pm  ax=0000 bx=0000 cx=0000 dx=0000 ds=0063 es=0063 ss:sp=0030:008c esp=0000008c ebp=0000005b esi=000113ad edi=00000063 d=695091
  entry 4b:142a base=28 pm  ax=0000 bx=0000 cx=0000 dx=0000 ds=0063 es=0063 ss:sp=0030:008c esp=0000008c ebp=0000005b esi=000113ad edi=00000063 d=695092
  entry 4b:142a base=28 pm  ax=0000 bx=0000 cx=0000 dx=0000 ds=0063 es=0063 ss:sp=0030:008c esp=0000008c ebp=0000005b esi=000113ad edi=00000063 d=695093
  entry 4b:142a base=28 pm  ax=0000 bx=0000 cx=0000 dx=0000 ds=0063 es=0063 ss:sp=0030:008c esp=0000008c ebp=0000005b esi=000113ad edi=00000063 d=695094
  entry 4b:142a base=28 pm  ax=0000 bx=0000 cx=0000 dx=0000 ds=0063 es=0063 ss:sp=0030:008c esp=0000008c ebp=0000005b esi=000113ad edi=00000063 d=695095
